       [,1]   [,2]    [,3]   [,4] [,5]
[1,] 364.84 6.5731 -101.67 404.91 1.95
, , 1

       [,1]    [,2]    [,3]   [,4]   [,5]
[1,] 33.015 0.47575 -9.7948 35.551 0.6403

, , 2

        [,1]     [,2]    [,3]    [,4]      [,5]
[1,] 0.47575 0.013415 -0.1885 0.58993 -0.024549

, , 3

        [,1]    [,2]   [,3]    [,4]    [,5]
[1,] -9.7948 -0.1885 3.8017 -11.854 0.18736

, , 4

       [,1]    [,2]    [,3]   [,4]     [,5]
[1,] 35.551 0.58993 -11.854 40.925 -0.02885

, , 5

       [,1]      [,2]    [,3]     [,4]    [,5]
[1,] 0.6403 -0.024549 0.18736 -0.02885 0.35252

       [,1]    [,2]    [,3]   [,4]    [,5]
[1,] 474.82 -18.126 -132.34 405.11 -16.164
, , 1

      [,1]    [,2]    [,3]   [,4]    [,5]
[1,] 53.67 -3.1236 -17.578 45.664 -1.3353

, , 2

        [,1]    [,2]    [,3]    [,4]    [,5]
[1,] -3.1236 0.46801 0.99655 -2.5164 0.25376

, , 3

        [,1]    [,2]   [,3]    [,4]    [,5]
[1,] -17.578 0.99655 6.7858 -16.029 0.73873

, , 4

       [,1]    [,2]    [,3]   [,4]    [,5]
[1,] 45.664 -2.5164 -16.029 41.008 -1.1481

, , 5

        [,1]    [,2]    [,3]    [,4]    [,5]
[1,] -1.3353 0.25376 0.73873 -1.1481 0.40862

       [,1]   [,2]   [,3]   [,4]    [,5]
[1,] 529.81 110.03 -91.67 418.32 -13.984
, , 1

       [,1]  [,2]    [,3]   [,4]      [,5]
[1,] 66.577 14.06 -10.808 52.311 -0.053951

, , 2

      [,1]   [,2]    [,3]   [,4]      [,5]
[1,] 14.06 3.5203 -2.5682 11.186 -0.065808

, , 3

        [,1]    [,2]   [,3]    [,4]     [,5]
[1,] -10.808 -2.5682 2.1087 -8.8061 0.041991

, , 4

       [,1]   [,2]    [,3]   [,4]    [,5]
[1,] 52.311 11.186 -8.8061 42.572 0.10945

, , 5

          [,1]      [,2]     [,3]    [,4]    [,5]
[1,] -0.053951 -0.065808 0.041991 0.10945 0.32776

       [,1]    [,2]  [,3]   [,4]  [,5]
[1,] 419.16 -133.95 342.7 19.038 -33.6
, , 1

       [,1]    [,2]   [,3]   [,4]    [,5]
[1,] 42.726 -14.034 34.219 1.9388 -2.7828

, , 2

        [,1]   [,2]    [,3]     [,4]   [,5]
[1,] -14.034 5.3924 -11.082 -0.67801 1.2933

, , 3

       [,1]    [,2]   [,3]   [,4]    [,5]
[1,] 34.219 -11.082 28.392 1.4926 -2.0227

, , 4

       [,1]     [,2]   [,3]    [,4]     [,5]
[1,] 1.9388 -0.67801 1.4926 0.10742 -0.20325

, , 5

        [,1]   [,2]    [,3]     [,4]    [,5]
[1,] -2.7828 1.2933 -2.0227 -0.20325 0.58602

       [,1]    [,2]   [,3]   [,4]    [,5]
[1,] 482.47 -162.39 583.81 -340.3 -30.323
, , 1

       [,1]    [,2]   [,3]    [,4]    [,5]
[1,] 61.154 -19.929 70.829 -42.292 -4.7585

, , 2

        [,1]   [,2]    [,3]   [,4]   [,5]
[1,] -19.929 7.2234 -23.111 13.952 1.6857

, , 3

       [,1]    [,2]   [,3]    [,4]    [,5]
[1,] 70.829 -23.111 84.424 -49.468 -6.2602

, , 4

        [,1]   [,2]    [,3]  [,4]  [,5]
[1,] -42.292 13.952 -49.468 29.63 3.541

, , 5

        [,1]   [,2]    [,3]  [,4]   [,5]
[1,] -4.7585 1.6857 -6.2602 3.541 1.0118

       [,1]    [,2]   [,3]   [,4]    [,5]
[1,] 449.65 -281.79 19.903 405.93 0.19819
, , 1

      [,1]    [,2]   [,3]   [,4]    [,5]
[1,] 57.19 -35.796 2.6439 47.703 0.54942

, , 2

        [,1]   [,2]    [,3]    [,4]     [,5]
[1,] -35.796 24.014 -1.7247 -30.523 -0.11559

, , 3

       [,1]    [,2]    [,3]   [,4]     [,5]
[1,] 2.6439 -1.7247 0.12937 2.2426 0.015793

, , 4

       [,1]    [,2]   [,3]  [,4]    [,5]
[1,] 47.703 -30.523 2.2426 40.85 0.37976

, , 5

        [,1]     [,2]     [,3]    [,4]   [,5]
[1,] 0.54942 -0.11559 0.015793 0.37976 0.1176

       [,1]    [,2]   [,3]   [,4]    [,5]
[1,] 448.23 -318.75 279.57 414.78 -42.462
, , 1

       [,1]    [,2]   [,3]   [,4]    [,5]
[1,] 47.866 -36.672 33.875 43.315 -4.2744

, , 2

        [,1]  [,2]    [,3]    [,4]   [,5]
[1,] -36.672 30.31 -28.185 -32.771 3.5187

, , 3

       [,1]    [,2]   [,3]   [,4]    [,5]
[1,] 33.875 -28.185 26.474 30.268 -3.2457

, , 4

       [,1]    [,2]   [,3]   [,4]    [,5]
[1,] 43.315 -32.771 30.268 41.641 -4.5178

, , 5

        [,1]   [,2]    [,3]    [,4]    [,5]
[1,] -4.2744 3.5187 -3.2457 -4.5178 0.65933

       [,1]    [,2]   [,3]   [,4]    [,5]
[1,] 436.46 -246.76 23.609 595.68 -61.941
, , 1

       [,1]    [,2] [,3]   [,4]    [,5]
[1,] 45.436 -27.084 2.56 61.876 -6.1429

, , 2

        [,1]   [,2]    [,3]    [,4]   [,5]
[1,] -27.084 20.429 -2.3627 -38.134 3.9606

, , 3

     [,1]    [,2]    [,3]   [,4]     [,5]
[1,] 2.56 -2.3627 0.31852 3.6801 -0.40166

, , 4

       [,1]    [,2]   [,3]   [,4]    [,5]
[1,] 61.876 -38.134 3.6801 86.405 -8.6181

, , 5

        [,1]   [,2]     [,3]    [,4]   [,5]
[1,] -6.1429 3.9606 -0.40166 -8.6181 1.0479

       [,1]    [,2]   [,3] [,4]    [,5]
[1,] 476.79 -297.65 84.001  451 -57.439
, , 1

       [,1]    [,2]   [,3]   [,4]   [,5]
[1,] 56.241 -34.713 10.604 53.611 -7.475

, , 2

        [,1]   [,2]    [,3]    [,4]   [,5]
[1,] -34.713 29.902 -9.8882 -35.817 4.7611

, , 3

       [,1]    [,2]   [,3]  [,4]    [,5]
[1,] 10.604 -9.8882 3.4054 11.15 -1.4204

, , 4

       [,1]    [,2]  [,3]   [,4]    [,5]
[1,] 53.611 -35.817 11.15 53.222 -7.3768

, , 5

       [,1]   [,2]    [,3]    [,4]   [,5]
[1,] -7.475 4.7611 -1.4204 -7.3768 1.2098

      [,1]    [,2]   [,3]   [,4]    [,5]
[1,] 401.9 -275.27 8.3832 482.38 -38.746
, , 1

       [,1]    [,2]    [,3]   [,4]    [,5]
[1,] 35.278 -27.476 0.86028 44.795 -4.0021

, , 2

        [,1]   [,2]     [,3]    [,4]   [,5]
[1,] -27.476 23.684 -0.73546 -35.781 3.5444

, , 3

        [,1]     [,2]     [,3]   [,4]      [,5]
[1,] 0.86028 -0.73546 0.026073 1.1495 -0.087709

, , 4

       [,1]    [,2]   [,3]   [,4]   [,5]
[1,] 44.795 -35.781 1.1495 61.335 -5.222

, , 5

        [,1]   [,2]      [,3]   [,4]    [,5]
[1,] -4.0021 3.5444 -0.087709 -5.222 0.99756

       [,1]    [,2]   [,3]   [,4]    [,5]
[1,] 460.61 -317.41 49.905 499.28 -51.628
, , 1

       [,1]    [,2]  [,3]   [,4]    [,5]
[1,] 53.508 -35.194 5.382 55.378 -4.8476

, , 2

        [,1]   [,2]    [,3]    [,4]  [,5]
[1,] -35.194 26.645 -4.0819 -36.608 2.993

, , 3

      [,1]    [,2]    [,3]   [,4]     [,5]
[1,] 5.382 -4.0819 0.64541 5.4389 -0.52063

, , 4

       [,1]    [,2]   [,3]   [,4]    [,5]
[1,] 55.378 -36.608 5.4389 61.698 -5.2216

, , 5

        [,1]  [,2]     [,3]    [,4]   [,5]
[1,] -4.8476 2.993 -0.52063 -5.2216 0.9315

       [,1]    [,2]   [,3]   [,4]    [,5]
[1,] 507.53 -44.208 -310.1 366.71 -40.747
, , 1

       [,1]    [,2]    [,3]   [,4]    [,5]
[1,] 59.979 -4.9395 -37.333 43.206 -5.1982

, , 2

        [,1]    [,2]   [,3]    [,4]    [,5]
[1,] -4.9395 0.60426 2.9213 -3.6246 0.31955

, , 3

        [,1]   [,2]   [,3]    [,4]   [,5]
[1,] -37.333 2.9213 28.088 -28.191 3.7176

, , 4

       [,1]    [,2]    [,3]   [,4]    [,5]
[1,] 43.206 -3.6246 -28.191 33.003 -4.1446

, , 5

        [,1]    [,2]   [,3]    [,4]    [,5]
[1,] -5.1982 0.31955 3.7176 -4.1446 0.72072

       [,1]    [,2]    [,3]  [,4]   [,5]
[1,] 513.71 -75.612 -227.98 431.2 -50.16
, , 1

      [,1]    [,2]    [,3]   [,4]    [,5]
[1,] 59.62 -9.2446 -28.359 51.885 -6.9956

, , 2

        [,1]   [,2]  [,3]    [,4]  [,5]
[1,] -9.2446 1.8035 3.962 -7.6635 1.232

, , 3

        [,1]  [,2]   [,3]    [,4]   [,5]
[1,] -28.359 3.962 16.091 -26.216 3.4165

, , 4

       [,1]    [,2]    [,3]   [,4]    [,5]
[1,] 51.885 -7.6635 -26.216 46.911 -6.1417

, , 5

        [,1]  [,2]   [,3]    [,4]   [,5]
[1,] -6.9956 1.232 3.4165 -6.1417 1.0813

       [,1]    [,2] [,3]   [,4]    [,5]
[1,] 434.55 -105.02 1555 496.65 -15.119
, , 1

     [,1]    [,2]  [,3]   [,4]    [,5]
[1,] 46.1 -9.5558 179.1 52.696 -1.9388

, , 2

        [,1]   [,2]    [,3]    [,4]    [,5]
[1,] -9.5558 2.4374 -39.569 -11.091 0.27008

, , 3

      [,1]    [,2]   [,3]   [,4]    [,5]
[1,] 179.1 -39.569 744.38 205.85 -7.0612

, , 4

       [,1]    [,2]   [,3]   [,4]    [,5]
[1,] 52.696 -11.091 205.85 62.756 -2.3596

, , 5

        [,1]    [,2]    [,3]    [,4]    [,5]
[1,] -1.9388 0.27008 -7.0612 -2.3596 0.21877

       [,1]    [,2]   [,3]   [,4]    [,5]
[1,] 491.81 -10.707 5003.9 389.71 -21.602
, , 1

       [,1]     [,2]  [,3]   [,4]    [,5]
[1,] 57.352 -0.32088 577.1 44.257 -2.8823

, , 2

         [,1]   [,2]   [,3]    [,4]    [,5]
[1,] -0.32088 0.9446 13.875 0.31649 0.11305

, , 3

      [,1]   [,2]   [,3]   [,4]    [,5]
[1,] 577.1 13.875 6655.9 475.88 -31.898

, , 4

       [,1]    [,2]   [,3]   [,4]    [,5]
[1,] 44.257 0.31649 475.88 35.811 -2.3104

, , 5

        [,1]    [,2]    [,3]    [,4]    [,5]
[1,] -2.8823 0.11305 -31.898 -2.3104 0.41934

       [,1]    [,2] [,3]   [,4]    [,5]
[1,] 388.64 -123.19 1752 397.06 -33.414
, , 1

       [,1]    [,2]   [,3]   [,4]    [,5]
[1,] 34.925 -11.069 155.49 35.748 -3.1197

, , 2

        [,1]   [,2]    [,3]    [,4]   [,5]
[1,] -11.069 4.5477 -47.822 -12.045 1.3321

, , 3

       [,1]    [,2]   [,3]  [,4]    [,5]
[1,] 155.49 -47.822 824.41 155.3 -14.304

, , 4

       [,1]    [,2]  [,3]   [,4]    [,5]
[1,] 35.748 -12.045 155.3 38.756 -3.1896

, , 5

        [,1]   [,2]    [,3]    [,4]    [,5]
[1,] -3.1197 1.3321 -14.304 -3.1896 0.79829

       [,1]    [,2]   [,3]   [,4]    [,5]
[1,] 523.05 -86.785 5408.5 498.68 -14.709
, , 1

       [,1]    [,2]   [,3]   [,4]    [,5]
[1,] 63.132 -10.537 712.34 60.105 -1.7908

, , 2

        [,1]   [,2]    [,3]    [,4]    [,5]
[1,] -10.537 2.0784 -107.26 -10.054 0.49362

, , 3

       [,1]    [,2]   [,3]   [,4]    [,5]
[1,] 712.34 -107.26 9797.2 690.33 -28.188

, , 4

       [,1]    [,2]   [,3]   [,4]    [,5]
[1,] 60.105 -10.054 690.33 59.575 -1.4837

, , 5

        [,1]    [,2]    [,3]    [,4]    [,5]
[1,] -1.7908 0.49362 -28.188 -1.4837 0.52723

      [,1]    [,2]   [,3]   [,4]    [,5]
[1,] 463.1 -443.41 39.334 414.94 -48.823
, , 1

       [,1]    [,2]   [,3]   [,4]    [,5]
[1,] 58.908 -53.716 4.7149 49.711 -6.4713

, , 2

        [,1]   [,2]    [,3]    [,4]  [,5]
[1,] -53.716 52.637 -4.6479 -45.893 6.145

, , 3

       [,1]    [,2]    [,3]   [,4]     [,5]
[1,] 4.7149 -4.6479 0.41514 4.0001 -0.54033

, , 4

       [,1]    [,2]   [,3]   [,4]    [,5]
[1,] 49.711 -45.893 4.0001 43.059 -5.6208

, , 5

        [,1]  [,2]     [,3]    [,4]    [,5]
[1,] -6.4713 6.145 -0.54033 -5.6208 0.78522

       [,1]    [,2]   [,3]  [,4]    [,5]
[1,] 486.45 -269.17 2.0856 404.1 -32.095
, , 1

       [,1]    [,2]   [,3]   [,4]    [,5]
[1,] 57.085 -31.479 0.2276 47.737 -3.6755

, , 2

        [,1]   [,2]    [,3]    [,4]   [,5]
[1,] -31.479 19.291 -0.1383 -26.453 2.1614

, , 3

       [,1]    [,2]      [,3]    [,4]      [,5]
[1,] 0.2276 -0.1383 0.0010462 0.18615 -0.014693

, , 4

       [,1]    [,2]    [,3]   [,4]    [,5]
[1,] 47.737 -26.453 0.18615 40.869 -3.1634

, , 5

        [,1]   [,2]      [,3]    [,4]    [,5]
[1,] -3.6755 2.1614 -0.014693 -3.1634 0.35527

       [,1]    [,2]    [,3]   [,4]  [,5]
[1,] 428.73 -134.59 -23.491 412.68 5.458
, , 1

       [,1]    [,2]     [,3]   [,4]    [,5]
[1,] 43.648 -12.588 -0.71409 43.362 0.97175

, , 2

        [,1]   [,2]    [,3]    [,4]     [,5]
[1,] -12.588 4.6059 0.67239 -13.464 -0.20031

, , 3

         [,1]    [,2]    [,3]    [,4]   [,5]
[1,] -0.71409 0.67239 0.74417 -1.4173 0.2455

, , 4

       [,1]    [,2]    [,3]   [,4]    [,5]
[1,] 43.362 -13.464 -1.4173 44.696 0.72469

, , 5

        [,1]     [,2]   [,3]    [,4]    [,5]
[1,] 0.97175 -0.20031 0.2455 0.72469 0.19428

       [,1]    [,2]   [,3]   [,4]    [,5]
[1,] 388.96 -169.33 76.813 451.65 -34.289
, , 1

       [,1]    [,2]   [,3]   [,4]    [,5]
[1,] 40.755 -16.399 5.9155 42.301 -3.1607

, , 2

        [,1]  [,2]    [,3]    [,4]   [,5]
[1,] -16.399 7.878 -2.6872 -18.913 1.6485

, , 3

       [,1]    [,2]   [,3]  [,4]     [,5]
[1,] 5.9155 -2.6872 2.8665 7.372 -0.46393

, , 4

       [,1]    [,2]  [,3]   [,4]    [,5]
[1,] 42.301 -18.913 7.372 48.359 -3.7653

, , 5

        [,1]   [,2]     [,3]    [,4]    [,5]
[1,] -3.1607 1.6485 -0.46393 -3.7653 0.66064

       [,1]    [,2]   [,3]  [,4]    [,5]
[1,] 414.14 -121.21 14.739 411.5 -11.481
, , 1

       [,1]    [,2]   [,3]   [,4]    [,5]
[1,] 41.741 -14.022 2.4789 41.496 -2.4024

, , 2

        [,1]   [,2]     [,3]    [,4]    [,5]
[1,] -14.022 5.1367 -0.84475 -14.304 0.85826

, , 3

       [,1]     [,2]    [,3]   [,4]     [,5]
[1,] 2.4789 -0.84475 0.88741 2.4112 -0.37261

, , 4

       [,1]    [,2]   [,3]   [,4]    [,5]
[1,] 41.496 -14.304 2.4112 42.815 -2.1956

, , 5

        [,1]    [,2]     [,3]    [,4]    [,5]
[1,] -2.4024 0.85826 -0.37261 -2.1956 0.50353

       [,1]    [,2]   [,3]    [,4]   [,5]
[1,] 436.92 -108.64 597.46 -275.55 26.637
, , 1

       [,1]    [,2]   [,3]    [,4]  [,5]
[1,] 53.118 -12.213 69.089 -31.949 3.054

, , 2

        [,1]   [,2]    [,3]  [,4]     [,5]
[1,] -12.213 3.2452 -15.716 7.445 -0.70949

, , 3

       [,1]    [,2]   [,3]    [,4]  [,5]
[1,] 69.089 -15.716 93.292 -42.207 4.054

, , 4

        [,1]  [,2]    [,3]  [,4]    [,5]
[1,] -31.949 7.445 -42.207 19.73 -1.8725

, , 5

      [,1]     [,2]  [,3]    [,4]    [,5]
[1,] 3.054 -0.70949 4.054 -1.8725 0.17964

       [,1]    [,2]   [,3]    [,4]   [,5]
[1,] 490.32 -96.511 448.92 -390.02 367.87
, , 1

       [,1]    [,2]   [,3]    [,4]   [,5]
[1,] 65.173 -12.968 56.186 -50.266 47.744

, , 2

        [,1]   [,2]    [,3]   [,4]    [,5]
[1,] -12.968 3.3737 -11.242 11.365 -10.559

, , 3

       [,1]    [,2]   [,3]    [,4]   [,5]
[1,] 56.186 -11.242 50.644 -43.238 41.139

, , 4

        [,1]   [,2]    [,3]   [,4]    [,5]
[1,] -50.266 11.365 -43.238 44.873 -42.405

, , 5

       [,1]    [,2]   [,3]    [,4]   [,5]
[1,] 47.744 -10.559 41.139 -42.405 40.244

       [,1]    [,2]   [,3]    [,4]   [,5]
[1,] 432.28 -162.67 437.07 -175.72 19.621
, , 1

      [,1]    [,2]   [,3]    [,4]   [,5]
[1,] 56.44 -18.287 51.326 -22.483 2.4814

, , 2

        [,1]  [,2]    [,3]   [,4]     [,5]
[1,] -18.287 7.323 -16.895 8.0218 -0.91584

, , 3

       [,1]    [,2]   [,3]    [,4]   [,5]
[1,] 51.326 -16.895 48.413 -21.155 2.3254

, , 4

        [,1]   [,2]    [,3]   [,4]    [,5]
[1,] -22.483 8.0218 -21.155 13.021 -1.4301

, , 5

       [,1]     [,2]   [,3]    [,4]   [,5]
[1,] 2.4814 -0.91584 2.3254 -1.4301 0.1582

       [,1]    [,2]   [,3]    [,4]   [,5]
[1,] 516.36 -117.17 429.51 -472.77 165.25
, , 1

       [,1]    [,2]   [,3]    [,4]   [,5]
[1,] 62.544 -14.057 52.525 -58.277 20.683

, , 2

        [,1]   [,2]    [,3]   [,4]    [,5]
[1,] -14.057 3.5353 -12.031 13.423 -4.7527

, , 3

       [,1]    [,2]   [,3]    [,4]   [,5]
[1,] 52.525 -12.031 47.131 -53.326 18.753

, , 4

        [,1]   [,2]    [,3]  [,4]    [,5]
[1,] -58.277 13.423 -53.326 64.95 -22.844

, , 5

       [,1]    [,2]   [,3]    [,4]  [,5]
[1,] 20.683 -4.7527 18.753 -22.844 8.057

      [,1]    [,2]   [,3]    [,4]  [,5]
[1,] 431.6 -127.92 425.34 -199.31 13.92
, , 1

       [,1]    [,2]   [,3]    [,4]   [,5]
[1,] 41.592 -13.549 41.876 -19.687 1.3504

, , 2

        [,1]   [,2]    [,3]   [,4]     [,5]
[1,] -13.549 5.4305 -13.718 7.0095 -0.47498

, , 3

       [,1]    [,2]   [,3]    [,4]  [,5]
[1,] 41.876 -13.718 43.847 -19.919 1.354

, , 4

        [,1]   [,2]    [,3]   [,4]    [,5]
[1,] -19.687 7.0095 -19.919 10.631 -0.7533

, , 5

       [,1]     [,2]  [,3]    [,4]     [,5]
[1,] 1.3504 -0.47498 1.354 -0.7533 0.055056

       [,1]    [,2]   [,3]    [,4]   [,5]
[1,] 516.95 -140.27 563.95 -416.94 110.25
, , 1

       [,1]    [,2]   [,3]    [,4]   [,5]
[1,] 71.045 -19.615 72.109 -55.888 14.754

, , 2

        [,1]   [,2]    [,3]   [,4]    [,5]
[1,] -19.615 6.3938 -22.354 16.446 -4.3162

, , 3

       [,1]    [,2]   [,3]    [,4]  [,5]
[1,] 72.109 -22.354 82.213 -60.189 15.64

, , 4

        [,1]   [,2]    [,3]   [,4]    [,5]
[1,] -55.888 16.446 -60.189 49.144 -13.035

, , 5

       [,1]    [,2]  [,3]    [,4]   [,5]
[1,] 14.754 -4.3162 15.64 -13.035 3.4832

       [,1]    [,2]   [,3]   [,4]    [,5]
[1,] 437.59 -216.09 521.69 24.202 -136.65
, , 1

       [,1]    [,2]   [,3]   [,4]    [,5]
[1,] 46.911 -22.339 55.581 1.9415 -13.248

, , 2

        [,1]   [,2]    [,3]     [,4]   [,5]
[1,] -22.339 12.197 -29.174 -0.98155 7.3601

, , 3

       [,1]    [,2]   [,3]  [,4]    [,5]
[1,] 55.581 -29.174 71.951 2.386 -17.916

, , 4

       [,1]     [,2]  [,3]    [,4]     [,5]
[1,] 1.9415 -0.98155 2.386 0.45884 -0.93375

, , 5

        [,1]   [,2]    [,3]     [,4]   [,5]
[1,] -13.248 7.3601 -17.916 -0.93375 5.1038

       [,1]    [,2]   [,3]   [,4]    [,5]
[1,] 412.97 -162.68 394.81 45.052 -120.96
, , 1

       [,1]    [,2]   [,3]   [,4]    [,5]
[1,] 43.968 -17.461 38.739 4.5143 -11.755

, , 2

        [,1]   [,2]    [,3]    [,4]   [,5]
[1,] -17.461 7.4624 -15.519 -1.8679 4.8286

, , 3

       [,1]    [,2]   [,3]   [,4]    [,5]
[1,] 38.739 -15.519 35.328 4.2199 -11.366

, , 4

       [,1]    [,2]   [,3]    [,4]    [,5]
[1,] 4.5143 -1.8679 4.2199 0.57165 -1.6045

, , 5

        [,1]   [,2]    [,3]    [,4] [,5]
[1,] -11.755 4.8286 -11.366 -1.6045 6.45

       [,1]    [,2]   [,3]   [,4]   [,5]
[1,] 480.89 -127.38 455.02 49.449 1196.6
, , 1

       [,1]    [,2]   [,3]   [,4]   [,5]
[1,] 62.973 -15.746 54.696 6.4368 149.43

, , 2

        [,1]   [,2]    [,3]    [,4]    [,5]
[1,] -15.746 5.4199 -14.232 -1.1312 -38.013

, , 3

       [,1]    [,2]   [,3]   [,4]   [,5]
[1,] 54.696 -14.232 49.829 6.1577 141.22

, , 4

       [,1]    [,2]   [,3]   [,4]   [,5]
[1,] 6.4368 -1.1312 6.1577 1.2881 19.438

, , 5

       [,1]    [,2]   [,3]   [,4]  [,5]
[1,] 149.43 -38.013 141.22 19.438 439.2

       [,1]    [,2]   [,3]   [,4]   [,5]
[1,] 403.64 -208.28 439.09 94.986 3599.2
, , 1

       [,1]    [,2]   [,3]   [,4]   [,5]
[1,] 43.836 -21.514 42.493 9.4051 346.94

, , 2

        [,1]   [,2]    [,3]    [,4]    [,5]
[1,] -21.514 11.645 -22.154 -5.1902 -192.89

, , 3

       [,1]    [,2]   [,3]   [,4]   [,5]
[1,] 42.493 -22.154 47.804 9.4315 364.46

, , 4

       [,1]    [,2]   [,3]   [,4]   [,5]
[1,] 9.4051 -5.1902 9.4315 2.6987 93.861

, , 5

       [,1]    [,2]   [,3]   [,4]   [,5]
[1,] 346.94 -192.89 364.46 93.861 3417.6

      [,1]   [,2]   [,3]   [,4]   [,5]
[1,] 394.1 -155.4 409.75 8.4385 3494.2
, , 1

       [,1]    [,2]   [,3]    [,4]   [,5]
[1,] 40.796 -16.605 41.263 0.31766 355.97

, , 2

        [,1]   [,2]    [,3]     [,4]    [,5]
[1,] -16.605 7.3535 -17.309 -0.14099 -157.51

, , 3

       [,1]    [,2]   [,3]    [,4]   [,5]
[1,] 41.263 -17.309 42.931 0.45336 380.05

, , 4

        [,1]     [,2]    [,3]    [,4]   [,5]
[1,] 0.31766 -0.14099 0.45336 0.15824 5.0106

, , 5

       [,1]    [,2]   [,3]   [,4]   [,5]
[1,] 355.97 -157.51 380.05 5.0106 3632.2

       [,1]   [,2]   [,3]   [,4]   [,5]
[1,] 481.54 -158.5 443.32 17.645 7121.5
, , 1

       [,1]    [,2]   [,3]   [,4]   [,5]
[1,] 55.533 -18.197 50.689 1.5859 817.86

, , 2

        [,1]   [,2]    [,3]     [,4]   [,5]
[1,] -18.197 7.2574 -17.102 -0.76742 -320.5

, , 3

       [,1]    [,2]   [,3]   [,4]  [,5]
[1,] 50.689 -17.102 50.523 1.3796 755.5

, , 4

       [,1]     [,2]   [,3]   [,4]   [,5]
[1,] 1.5859 -0.76742 1.3796 0.3618 37.762

, , 5

       [,1]   [,2]  [,3]   [,4]  [,5]
[1,] 817.86 -320.5 755.5 37.762 14672

       [,1]    [,2]   [,3]    [,4]   [,5]
[1,] 442.35 -160.45 480.29 -402.51 42.387
, , 1

       [,1]    [,2]   [,3]    [,4]   [,5]
[1,] 47.942 -17.484 51.797 -45.486 4.7767

, , 2

        [,1]   [,2]    [,3]   [,4]    [,5]
[1,] -17.484 7.3262 -19.475 17.805 -1.8661

, , 3

       [,1]    [,2]  [,3]   [,4]   [,5]
[1,] 51.797 -19.475 57.04 -50.84 5.3404

, , 4

        [,1]   [,2]   [,3]   [,4]    [,5]
[1,] -45.486 17.805 -50.84 48.761 -5.1188

, , 5

       [,1]    [,2]   [,3]    [,4]    [,5]
[1,] 4.7767 -1.8661 5.3404 -5.1188 0.53875

       [,1]    [,2]   [,3]    [,4]   [,5]
[1,] 361.93 -161.64 445.65 -201.63 2.1966
, , 1

      [,1]    [,2]   [,3]    [,4]    [,5]
[1,] 36.36 -15.221 40.877 -19.296 0.22231

, , 2

        [,1]   [,2]    [,3]   [,4]     [,5]
[1,] -15.221 6.9194 -17.754 8.3091 -0.09587

, , 3

       [,1]    [,2]   [,3]    [,4]    [,5]
[1,] 40.877 -17.754 47.464 -22.535 0.25986

, , 4

        [,1]   [,2]    [,3]   [,4]     [,5]
[1,] -19.296 8.3091 -22.535 11.162 -0.12877

, , 5

        [,1]     [,2]    [,3]     [,4]      [,5]
[1,] 0.22231 -0.09587 0.25986 -0.12877 0.0015163

       [,1]    [,2]   [,3]    [,4]   [,5]
[1,] 517.94 -139.44 469.97 -2.2061 107.14
, , 1

       [,1]    [,2]   [,3]    [,4]   [,5]
[1,] 66.726 -17.576 59.986 0.54889 12.285

, , 2

        [,1]  [,2]    [,3]     [,4]    [,5]
[1,] -17.576 5.351 -15.807 -0.50184 -2.9821

, , 3

       [,1]    [,2]  [,3]     [,4]   [,5]
[1,] 59.986 -15.807 55.34 0.051572 11.251

, , 4

        [,1]     [,2]     [,3]    [,4]     [,5]
[1,] 0.54889 -0.50184 0.051572 0.43947 0.022568

, , 5

       [,1]    [,2]   [,3]     [,4]   [,5]
[1,] 12.285 -2.9821 11.251 0.022568 2.7235

       [,1]    [,2]   [,3]    [,4]
[1,] 521.12 -256.45 419.12 -25.084
, , 1

       [,1]    [,2]   [,3]    [,4]
[1,] 67.054 -37.236 51.142 -3.0798

, , 2

        [,1]   [,2]    [,3]   [,4]
[1,] -37.236 23.192 -28.762 1.5498

, , 3

       [,1]    [,2]   [,3]    [,4]
[1,] 51.142 -28.762 41.194 -2.6623

, , 4

        [,1]   [,2]    [,3]    [,4]
[1,] -3.0798 1.5498 -2.6623 0.35325

       [,1]    [,2]   [,3]   [,4]    [,5]
[1,] 547.59 -186.35 21.179 443.13 -12.807
, , 1

       [,1]    [,2]   [,3]   [,4]   [,5]
[1,] 85.836 -27.957 3.0624 63.259 -2.071

, , 2

        [,1]   [,2]   [,3]    [,4]    [,5]
[1,] -27.957 10.297 -1.128 -20.997 0.57379

, , 3

       [,1]   [,2]    [,3]   [,4]      [,5]
[1,] 3.0624 -1.128 0.12914 2.3402 -0.052992

, , 4

       [,1]    [,2]   [,3]   [,4]    [,5]
[1,] 63.259 -20.997 2.3402 48.298 -1.6721

, , 5

       [,1]    [,2]      [,3]    [,4]    [,5]
[1,] -2.071 0.57379 -0.052992 -1.6721 0.20041

       [,1]    [,2]   [,3]   [,4]    [,5]
[1,] 520.79 -265.89 315.34 457.23 -46.542
, , 1

       [,1]    [,2]  [,3]   [,4]    [,5]
[1,] 77.274 -37.426 44.41 60.906 -5.9215

, , 2

        [,1]   [,2]    [,3]    [,4]   [,5]
[1,] -37.426 19.845 -24.592 -30.898 3.2055

, , 3

      [,1]    [,2]   [,3]   [,4]    [,5]
[1,] 44.41 -24.592 32.987 38.413 -4.3333

, , 4

       [,1]    [,2]   [,3]   [,4]    [,5]
[1,] 60.906 -30.898 38.413 50.545 -4.9434

, , 5

        [,1]   [,2]    [,3]    [,4]    [,5]
[1,] -5.9215 3.2055 -4.3333 -4.9434 0.74765

       [,1]    [,2]    [,3]   [,4]    [,5]
[1,] 432.28 -79.165 -23.758 419.11 -51.008
, , 1

       [,1]    [,2]    [,3]   [,4]    [,5]
[1,] 47.075 -9.5857 -2.1363 45.517 -6.3323

, , 2

        [,1]   [,2]     [,3]    [,4]   [,5]
[1,] -9.5857 4.2656 -0.48827 -8.4396 1.3347

, , 3

        [,1]     [,2]    [,3]    [,4]    [,5]
[1,] -2.1363 -0.48827 0.47816 -2.4661 0.28303

, , 4

       [,1]    [,2]    [,3]   [,4]    [,5]
[1,] 45.517 -8.4396 -2.4661 46.488 -5.9979

, , 5

        [,1]   [,2]    [,3]    [,4]   [,5]
[1,] -6.3323 1.3347 0.28303 -5.9979 1.2659

      [,1]   [,2]    [,3]   [,4]    [,5]
[1,] 474.9 45.319 -172.14 454.34 -9.2236
, , 1

       [,1]   [,2]    [,3]   [,4]     [,5]
[1,] 61.631 5.2681 -20.175 56.054 -0.92836

, , 2

       [,1]   [,2]    [,3]   [,4]    [,5]
[1,] 5.2681 12.124 -13.164 4.3838 -0.5065

, , 3

        [,1]    [,2]   [,3]    [,4]    [,5]
[1,] -20.175 -13.164 18.605 -18.983 0.81623

, , 4

       [,1]   [,2]    [,3]   [,4]     [,5]
[1,] 56.054 4.3838 -18.983 53.852 -0.65446

, , 5

         [,1]    [,2]    [,3]     [,4]    [,5]
[1,] -0.92836 -0.5065 0.81623 -0.65446 0.32123

       [,1]    [,2]  [,3]   [,4]    [,5]
[1,] 515.45 -323.89 49.76 464.78 -20.949
, , 1

       [,1]  [,2]  [,3]   [,4]    [,5]
[1,] 63.177 -39.4 5.978 55.139 -3.0545

, , 2

      [,1]   [,2]    [,3]   [,4]  [,5]
[1,] -39.4 25.967 -4.0359 -34.78 1.987

, , 3

      [,1]    [,2]    [,3]  [,4]     [,5]
[1,] 5.978 -4.0359 0.67082 5.246 -0.31452

, , 4

       [,1]   [,2]  [,3]   [,4]    [,5]
[1,] 55.139 -34.78 5.246 48.681 -2.6185

, , 5

        [,1]  [,2]     [,3]    [,4]    [,5]
[1,] -3.0545 1.987 -0.31452 -2.6185 0.32954

       [,1]   [,2]  [,3]   [,4]    [,5]
[1,] 481.24 -282.6 4.342 467.03 -33.457
, , 1

       [,1]   [,2]    [,3]   [,4]  [,5]
[1,] 52.769 -34.83 0.56704 49.961 -3.94

, , 2

       [,1]   [,2]     [,3]    [,4]   [,5]
[1,] -34.83 24.031 -0.39271 -32.831 2.1999

, , 3

        [,1]     [,2]     [,3]    [,4]      [,5]
[1,] 0.56704 -0.39271 0.006967 0.53435 -0.037039

, , 4

       [,1]    [,2]    [,3]   [,4]    [,5]
[1,] 49.961 -32.831 0.53435 50.012 -4.2907

, , 5

      [,1]   [,2]      [,3]    [,4]    [,5]
[1,] -3.94 2.1999 -0.037039 -4.2907 0.63668

       [,1]    [,2]    [,3]   [,4]    [,5]
[1,] 530.06 -132.71 -116.36 436.85 -38.615
, , 1

       [,1]    [,2]    [,3]   [,4]    [,5]
[1,] 66.749 -16.967 -15.466 55.301 -5.5052

, , 2

        [,1]   [,2]   [,3]    [,4]   [,5]
[1,] -16.967 4.5782 3.6403 -14.101 1.4227

, , 3

        [,1]   [,2]  [,3]   [,4]   [,5]
[1,] -15.466 3.6403 5.186 -12.68 1.1525

, , 4

       [,1]    [,2]   [,3]   [,4]    [,5]
[1,] 55.301 -14.101 -12.68 46.069 -4.5706

, , 5

        [,1]   [,2]   [,3]    [,4]    [,5]
[1,] -5.5052 1.4227 1.1525 -4.5706 0.48337

       [,1]    [,2]  [,3]   [,4]    [,5]
[1,] 480.61 -136.92 -20.3 403.11 -32.405
, , 1

       [,1]    [,2]   [,3]   [,4]    [,5]
[1,] 54.819 -17.504 3.7712 47.189 -4.2263

, , 2

        [,1]   [,2]    [,3]   [,4]   [,5]
[1,] -17.504 5.9197 -1.5201 -14.77 1.3676

, , 3

       [,1]    [,2]  [,3]   [,4]     [,5]
[1,] 3.7712 -1.5201 8.401 3.5979 -0.95005

, , 4

       [,1]   [,2]   [,3]   [,4]    [,5]
[1,] 47.189 -14.77 3.5979 41.216 -3.7887

, , 5

        [,1]   [,2]     [,3]    [,4]    [,5]
[1,] -4.2263 1.3676 -0.95005 -3.7887 0.52711

       [,1]    [,2]   [,3]   [,4]    [,5]
[1,] 453.37 -134.72 78.778 361.85 -14.039
, , 1

       [,1]    [,2]   [,3]   [,4]    [,5]
[1,] 50.577 -15.095 7.0595 39.156 -1.1343

, , 2

        [,1]   [,2]    [,3]    [,4]    [,5]
[1,] -15.095 5.5154 -2.0069 -12.237 0.36275

, , 3

       [,1]    [,2]   [,3]  [,4]     [,5]
[1,] 7.0595 -2.0069 3.8062 6.007 -0.18342

, , 4

       [,1]    [,2]  [,3]   [,4]     [,5]
[1,] 39.156 -12.237 6.007 32.093 -0.95049

, , 5

        [,1]    [,2]     [,3]     [,4]    [,5]
[1,] -1.1343 0.36275 -0.18342 -0.95049 0.15165

       [,1]    [,2]   [,3]    [,4]
[1,] 424.84 -122.22 516.77 -72.883
, , 1

       [,1]    [,2]   [,3]    [,4]
[1,] 49.547 -12.629 56.393 -6.8618

, , 2

        [,1]   [,2]    [,3]   [,4]
[1,] -12.629 4.0173 -15.659 2.3997

, , 3

       [,1]    [,2]   [,3]    [,4]
[1,] 56.393 -15.659 67.814 -8.9639

, , 4

        [,1]   [,2]    [,3]   [,4]
[1,] -6.8618 2.3997 -8.9639 2.2666

       [,1]    [,2]   [,3]   [,4]   [,5]
[1,] 388.77 -170.17 481.89 -172.7 42.488
, , 1

      [,1]   [,2]   [,3]    [,4]   [,5]
[1,] 47.27 -18.19 51.937 -18.912 4.8396

, , 2

       [,1]   [,2]    [,3]   [,4]    [,5]
[1,] -18.19 7.7924 -19.597 7.7339 -1.9645

, , 3

       [,1]    [,2]   [,3]    [,4]   [,5]
[1,] 51.937 -19.597 58.285 -21.145 5.5146

, , 4

        [,1]   [,2]    [,3]   [,4]    [,5]
[1,] -18.912 7.7339 -21.145 8.5665 -2.2577

, , 5

       [,1]    [,2]   [,3]    [,4]    [,5]
[1,] 4.8396 -1.9645 5.5146 -2.2577 0.62392

       [,1]    [,2]   [,3]    [,4]   [,5]
[1,] 387.88 -112.52 676.27 -275.49 573.31
, , 1

       [,1]    [,2]   [,3]    [,4]   [,5]
[1,] 36.982 -10.991 64.268 -27.502 57.129

, , 2

        [,1]  [,2]    [,3]   [,4]    [,5]
[1,] -10.991 3.766 -20.428 8.4017 -17.149

, , 3

       [,1]    [,2]   [,3]    [,4]   [,5]
[1,] 64.268 -20.428 118.18 -48.797 100.83

, , 4

        [,1]   [,2]    [,3]   [,4]    [,5]
[1,] -27.502 8.4017 -48.797 21.077 -43.688

, , 5

       [,1]    [,2]   [,3]    [,4]   [,5]
[1,] 57.129 -17.149 100.83 -43.688 91.668

       [,1]    [,2]   [,3]    [,4]   [,5]
[1,] 431.84 -140.12 474.08 -19.964 2.1678
, , 1

       [,1]    [,2]  [,3]    [,4]   [,5]
[1,] 44.216 -14.368 48.45 -2.1139 0.2376

, , 2

        [,1]   [,2]    [,3]     [,4]     [,5]
[1,] -14.368 5.3469 -15.609 0.042291 0.063523

, , 3

      [,1]    [,2]   [,3]    [,4]    [,5]
[1,] 48.45 -15.609 55.093 -3.0439 0.39074

, , 4

        [,1]     [,2]    [,3]   [,4]     [,5]
[1,] -2.1139 0.042291 -3.0439 2.4858 -0.62828

, , 5

       [,1]     [,2]    [,3]     [,4]    [,5]
[1,] 0.2376 0.063523 0.39074 -0.62828 0.16998

       [,1]    [,2]   [,3]   [,4]    [,5]
[1,] 428.91 -164.39 519.78 37.693 -39.801
, , 1

       [,1]    [,2]   [,3]   [,4]    [,5]
[1,] 43.656 -16.538 52.889 1.7699 -2.3589

, , 2

        [,1]   [,2]    [,3]     [,4]    [,5]
[1,] -16.538 7.1029 -21.207 -0.37257 0.67189

, , 3

       [,1]    [,2]   [,3]   [,4]    [,5]
[1,] 52.889 -21.207 66.753 2.2925 -3.1389

, , 4

       [,1]     [,2]   [,3]   [,4]    [,5]
[1,] 1.7699 -0.37257 2.2925 5.2789 -4.4347

, , 5

        [,1]    [,2]    [,3]    [,4]   [,5]
[1,] -2.3589 0.67189 -3.1389 -4.4347 3.8068

       [,1]    [,2]   [,3]    [,4]   [,5]
[1,] 530.55 -140.93 446.43 -227.07 40.707
, , 1

      [,1]    [,2]   [,3]    [,4]   [,5]
[1,] 78.85 -19.598 62.229 -31.136 5.6539

, , 2

        [,1]   [,2]    [,3]   [,4]    [,5]
[1,] -19.598 5.4856 -15.679 8.7557 -1.6244

, , 3

       [,1]    [,2]   [,3]    [,4]   [,5]
[1,] 62.229 -15.679 50.233 -25.482 4.6665

, , 4

        [,1]   [,2]    [,3]   [,4]   [,5]
[1,] -31.136 8.7557 -25.482 15.372 -2.891

, , 5

       [,1]    [,2]   [,3]   [,4]    [,5]
[1,] 5.6539 -1.6244 4.6665 -2.891 0.55189

       [,1]    [,2]   [,3]    [,4]   [,5]
[1,] 487.03 -139.94 446.73 -68.614 1.5955
, , 1

       [,1]   [,2]   [,3]    [,4]    [,5]
[1,] 70.449 -17.32 57.555 -9.0517 0.21931

, , 2

       [,1]   [,2]   [,3]   [,4]      [,5]
[1,] -17.32 6.0845 -13.34 1.4691 -0.030897

, , 3

       [,1]   [,2]   [,3]   [,4]    [,5]
[1,] 57.555 -13.34 49.394 -8.251 0.20628

, , 4

        [,1]   [,2]   [,3]   [,4]      [,5]
[1,] -9.0517 1.4691 -8.251 2.5622 -0.065325

, , 5

        [,1]      [,2]    [,3]      [,4]     [,5]
[1,] 0.21931 -0.030897 0.20628 -0.065325 0.001811

       [,1]   [,2]   [,3]    [,4]   [,5]
[1,] 415.94 -131.3 416.97 -46.667 174.85
, , 1

       [,1]    [,2]   [,3]    [,4]   [,5]
[1,] 41.048 -13.557 40.798 -4.4043 17.819

, , 2

        [,1]   [,2]    [,3]   [,4]    [,5]
[1,] -13.557 4.8878 -13.477 1.5604 -6.8605

, , 3

       [,1]    [,2]   [,3]    [,4]   [,5]
[1,] 40.798 -13.477 43.191 -5.0549 16.141

, , 4

        [,1]   [,2]    [,3]   [,4]    [,5]
[1,] -4.4043 1.5604 -5.0549 0.9919 -1.9019

, , 5

       [,1]    [,2]   [,3]    [,4]   [,5]
[1,] 17.819 -6.8605 16.141 -1.9019 12.999

       [,1]    [,2]   [,3]   [,4]
[1,] 456.29 -278.22 388.59 19.511
, , 1

       [,1]    [,2]   [,3]   [,4]
[1,] 53.296 -31.545 44.711 2.1067

, , 2

        [,1]   [,2]    [,3]   [,4]
[1,] -31.545 20.818 -26.948 -1.343

, , 3

       [,1]    [,2]   [,3]   [,4]
[1,] 44.711 -26.948 39.268 1.9385

, , 4

       [,1]   [,2]   [,3]    [,4]
[1,] 2.1067 -1.343 1.9385 0.13905

       [,1]    [,2]   [,3]   [,4]    [,5]
[1,] 469.58 -260.54 27.722 474.57 -31.209
, , 1

      [,1]    [,2]   [,3]   [,4]    [,5]
[1,] 56.06 -29.549 2.9454 55.506 -3.1746

, , 2

        [,1]   [,2]    [,3]    [,4]  [,5]
[1,] -29.549 18.889 -1.9409 -32.718 2.405

, , 3

       [,1]    [,2]    [,3]   [,4]     [,5]
[1,] 2.9454 -1.9409 0.20466 3.3504 -0.25367

, , 4

       [,1]    [,2]   [,3]   [,4]    [,5]
[1,] 55.506 -32.718 3.3504 59.111 -4.0414

, , 5

        [,1]  [,2]     [,3]    [,4]    [,5]
[1,] -3.1746 2.405 -0.25367 -4.0414 0.50335

       [,1]   [,2]  [,3]   [,4]   [,5]
[1,] 458.43 -195.9 164.7 408.37 2.7349
, , 1

       [,1]    [,2]   [,3]   [,4]    [,5]
[1,] 48.786 -22.375 19.441 43.195 0.56031

, , 2

        [,1]   [,2]    [,3]    [,4]    [,5]
[1,] -22.375 11.667 -9.4553 -20.689 0.05529

, , 3

       [,1]    [,2]   [,3]   [,4]     [,5]
[1,] 19.441 -9.4553 8.7459 17.401 0.009388

, , 4

       [,1]    [,2]   [,3]   [,4]     [,5]
[1,] 43.195 -20.689 17.401 41.892 0.022529

, , 5

        [,1]    [,2]     [,3]     [,4]    [,5]
[1,] 0.56031 0.05529 0.009388 0.022529 0.17075

      [,1]    [,2]   [,3]   [,4]   [,5]
[1,] 462.8 -196.28 17.954 409.97 22.712
, , 1

       [,1]    [,2]  [,3]   [,4]   [,5]
[1,] 61.681 -24.799 3.074 48.478 2.7839

, , 2

        [,1]   [,2]    [,3]    [,4]    [,5]
[1,] -24.799 12.018 -1.9199 -19.347 -1.0593

, , 3

      [,1]    [,2]    [,3]   [,4]     [,5]
[1,] 3.074 -1.9199 0.45604 2.1396 0.078784

, , 4

       [,1]    [,2]   [,3]  [,4]   [,5]
[1,] 48.478 -19.347 2.1396 39.52 2.3641

, , 5

       [,1]    [,2]     [,3]   [,4]    [,5]
[1,] 2.7839 -1.0593 0.078784 2.3641 0.33706

       [,1]    [,2]   [,3]   [,4]    [,5]
[1,] 393.95 -334.27 208.65 397.34 -61.446
, , 1

       [,1]    [,2]   [,3]   [,4]    [,5]
[1,] 48.724 -34.885 21.091 43.369 -5.8412

, , 2

        [,1]  [,2]    [,3]   [,4]   [,5]
[1,] -34.885 29.19 -18.831 -31.22 4.0543

, , 3

       [,1]    [,2]   [,3]   [,4]    [,5]
[1,] 21.091 -18.831 12.913 19.226 -2.4098

, , 4

       [,1]   [,2]   [,3]   [,4]    [,5]
[1,] 43.369 -31.22 19.226 39.598 -5.4705

, , 5

        [,1]   [,2]    [,3]    [,4]  [,5]
[1,] -5.8412 4.0543 -2.4098 -5.4705 1.023

       [,1]    [,2]   [,3]   [,4]    [,5]
[1,] 418.89 -439.53 68.883 456.65 -30.878
, , 1

       [,1]    [,2]   [,3]  [,4]   [,5]
[1,] 44.381 -44.203 6.8923 46.82 -3.158

, , 2

        [,1]  [,2]   [,3]    [,4]   [,5]
[1,] -44.203 48.38 -7.773 -49.097 3.1803

, , 3

       [,1]   [,2]   [,3]   [,4]     [,5]
[1,] 6.8923 -7.773 1.2817 7.7354 -0.46611

, , 4

      [,1]    [,2]   [,3]   [,4]    [,5]
[1,] 46.82 -49.097 7.7354 52.642 -3.5906

, , 5

       [,1]   [,2]     [,3]    [,4]    [,5]
[1,] -3.158 3.1803 -0.46611 -3.5906 0.34998

       [,1]    [,2]   [,3]   [,4]    [,5]
[1,] 414.34 -320.27 4.2942 483.93 -30.339
, , 1

       [,1]   [,2]    [,3]   [,4]   [,5]
[1,] 40.041 -30.24 0.42413 47.051 -2.591

, , 2

       [,1]   [,2]     [,3]    [,4]   [,5]
[1,] -30.24 25.121 -0.34164 -37.482 2.3157

, , 3

        [,1]     [,2]      [,3]    [,4]      [,5]
[1,] 0.42413 -0.34164 0.0050701 0.53588 -0.026303

, , 4

       [,1]    [,2]    [,3]   [,4]   [,5]
[1,] 47.051 -37.482 0.53588 59.274 -2.961

, , 5

       [,1]   [,2]      [,3]   [,4]    [,5]
[1,] -2.591 2.3157 -0.026303 -2.961 0.40028

       [,1]    [,2]    [,3]   [,4]   [,5]
[1,] 453.94 -143.25 -56.648 442.06 9.1351
, , 1

       [,1]    [,2]    [,3]   [,4]    [,5]
[1,] 53.512 -16.589 -6.1969 49.214 -0.3006

, , 2

        [,1]   [,2]   [,3]    [,4]     [,5]
[1,] -16.589 6.2998 2.2838 -16.022 0.058117

, , 3

        [,1]   [,2]  [,3]   [,4]     [,5]
[1,] -6.1969 2.2838 1.647 -5.594 -0.11387

, , 4

       [,1]    [,2]   [,3]   [,4]     [,5]
[1,] 49.214 -16.022 -5.594 46.827 -0.33959

, , 5

        [,1]     [,2]     [,3]     [,4]    [,5]
[1,] -0.3006 0.058117 -0.11387 -0.33959 0.53533

       [,1]    [,2]   [,3]   [,4]    [,5]
[1,] 468.41 -161.01 18.735 393.11 -19.769
, , 1

       [,1]    [,2]     [,3]   [,4]    [,5]
[1,] 60.075 -19.714 -0.61297 46.603 -2.7652

, , 2

        [,1]  [,2]     [,3]    [,4] [,5]
[1,] -19.714 7.297 0.014172 -15.537 1.02

, , 3

         [,1]     [,2]   [,3]    [,4]  [,5]
[1,] -0.61297 0.014172 8.9169 -2.3409 0.238

, , 4

       [,1]    [,2]    [,3] [,4]    [,5]
[1,] 46.603 -15.537 -2.3409   38 -2.3472

, , 5

        [,1] [,2]  [,3]    [,4]    [,5]
[1,] -2.7652 1.02 0.238 -2.3472 0.31767

       [,1]    [,2]    [,3]   [,4]    [,5]
[1,] 465.52 -126.71 -36.955 464.91 -0.9335
, , 1

       [,1]    [,2]    [,3]   [,4]   [,5]
[1,] 61.747 -16.348 -3.4191 54.185 0.6115

, , 2

        [,1]  [,2]   [,3]   [,4]     [,5]
[1,] -16.348 4.602 1.0528 -14.58 -0.12738

, , 3

        [,1]   [,2]    [,3]   [,4]      [,5]
[1,] -3.4191 1.0528 0.71627 -2.718 -0.039377

, , 4

       [,1]   [,2]   [,3]  [,4]    [,5]
[1,] 54.185 -14.58 -2.718 49.67 0.38285

, , 5

       [,1]     [,2]      [,3]    [,4]     [,5]
[1,] 0.6115 -0.12738 -0.039377 0.38285 0.094394

       [,1]    [,2]   [,3]    [,4]
[1,] 421.77 -115.26 438.87 -61.868
, , 1

       [,1]    [,2]   [,3]    [,4]
[1,] 46.929 -11.335 45.514 -6.0222

, , 2

        [,1]   [,2]    [,3]   [,4]
[1,] -11.335 3.5484 -12.406 1.6364

, , 3

       [,1]    [,2]   [,3]    [,4]
[1,] 45.514 -12.406 47.405 -7.2475

, , 4

        [,1]   [,2]    [,3]  [,4]
[1,] -6.0222 1.6364 -7.2475 5.811

       [,1]    [,2]   [,3]    [,4]   [,5]
[1,] 529.05 -114.23 528.33 -175.78 28.072
, , 1

       [,1]    [,2]   [,3]    [,4]   [,5]
[1,] 68.635 -17.429 68.145 -24.769 3.8422

, , 2

        [,1]  [,2]    [,3]   [,4]     [,5]
[1,] -17.429 4.565 -17.302 6.3781 -0.98919

, , 3

       [,1]    [,2]   [,3]    [,4]   [,5]
[1,] 68.145 -17.302 71.679 -24.231 3.7366

, , 4

        [,1]   [,2]    [,3]   [,4]    [,5]
[1,] -24.769 6.3781 -24.231 9.1149 -1.4058

, , 5

       [,1]     [,2]   [,3]    [,4]    [,5]
[1,] 3.8422 -0.98919 3.7366 -1.4058 0.22122

      [,1]    [,2]   [,3]    [,4]   [,5]
[1,] 453.6 -133.27 498.28 -202.03 386.26
, , 1

       [,1]    [,2]   [,3]    [,4]   [,5]
[1,] 45.917 -12.988 53.049 -21.059 40.067

, , 2

        [,1]  [,2]    [,3]  [,4]    [,5]
[1,] -12.988 4.202 -15.414 6.195 -11.633

, , 3

       [,1]    [,2]   [,3]    [,4]   [,5]
[1,] 53.049 -15.414 63.126 -24.601 46.407

, , 4

        [,1]  [,2]    [,3]   [,4]    [,5]
[1,] -21.059 6.195 -24.601 10.232 -19.192

, , 5

       [,1]    [,2]   [,3]    [,4]   [,5]
[1,] 40.067 -11.633 46.407 -19.192 36.698

       [,1]    [,2]   [,3]    [,4]   [,5]
[1,] 441.87 -110.23 528.05 -157.91 32.508
, , 1

       [,1]    [,2]   [,3]    [,4]   [,5]
[1,] 42.901 -10.836 53.093 -15.151 3.1076

, , 2

        [,1]   [,2]    [,3]   [,4]     [,5]
[1,] -10.836 3.6453 -12.866 3.6631 -0.78986

, , 3

       [,1]    [,2]   [,3]    [,4]   [,5]
[1,] 53.093 -12.866 68.332 -18.452 3.7802

, , 4

        [,1]   [,2]    [,3]   [,4]    [,5]
[1,] -15.151 3.6631 -18.452 6.3705 -1.2757

, , 5

       [,1]     [,2]   [,3]    [,4]   [,5]
[1,] 3.1076 -0.78986 3.7802 -1.2757 0.2617

       [,1]    [,2]   [,3]    [,4]   [,5]
[1,] 466.63 -143.74 483.24 -127.26 107.72
, , 1

       [,1]    [,2]   [,3]    [,4]   [,5]
[1,] 59.108 -16.249 54.333 -13.598 11.778

, , 2

        [,1]   [,2]    [,3] [,4]    [,5]
[1,] -16.249 5.7819 -16.836 4.76 -3.8934

, , 3

       [,1]    [,2]   [,3]    [,4]   [,5]
[1,] 54.333 -16.836 56.999 -13.711 11.825

, , 4

        [,1] [,2]    [,3]   [,4]    [,5]
[1,] -13.598 4.76 -13.711 5.9062 -4.2568

, , 5

       [,1]    [,2]   [,3]    [,4]   [,5]
[1,] 11.778 -3.8934 11.825 -4.2568 3.3165

       [,1]    [,2]   [,3]    [,4]   [,5]
[1,] 463.41 -128.93 359.49 -294.72 53.802
, , 1

       [,1]    [,2]   [,3]    [,4]   [,5]
[1,] 50.792 -13.594 39.506 -31.766 5.6429

, , 2

        [,1]   [,2]    [,3]   [,4]    [,5]
[1,] -13.594 4.1168 -10.444 8.3418 -1.5108

, , 3

       [,1]    [,2]   [,3]    [,4]   [,5]
[1,] 39.506 -10.444 32.374 -25.784 4.5573

, , 4

        [,1]   [,2]    [,3]   [,4]    [,5]
[1,] -31.766 8.3418 -25.784 22.611 -4.0202

, , 5

       [,1]    [,2]   [,3]    [,4]    [,5]
[1,] 5.6429 -1.5108 4.5573 -4.0202 0.72493

       [,1]    [,2]   [,3]    [,4]   [,5]
[1,] 517.68 -133.52 425.62 -173.04 3.3229
, , 1

      [,1]    [,2]   [,3]    [,4]    [,5]
[1,] 72.48 -17.746 56.134 -25.379 0.44483

, , 2

        [,1]  [,2]    [,3]   [,4]     [,5]
[1,] -17.746 4.966 -13.183 6.3561 -0.11312

, , 3

       [,1]    [,2]   [,3]    [,4]    [,5]
[1,] 56.134 -13.183 45.144 -19.378 0.33697

, , 4

        [,1]   [,2]    [,3]   [,4]     [,5]
[1,] -25.379 6.3561 -19.378 10.815 -0.19038

, , 5

        [,1]     [,2]    [,3]     [,4]      [,5]
[1,] 0.44483 -0.11312 0.33697 -0.19038 0.0034092

       [,1]    [,2]   [,3]    [,4]   [,5]
[1,] 391.34 -172.56 428.17 -38.828 28.296
, , 1

       [,1]    [,2] [,3]    [,4]   [,5]
[1,] 40.513 -16.186 42.6 -4.0706 2.0259

, , 2

        [,1]   [,2]    [,3]   [,4]    [,5]
[1,] -16.186 8.3211 -17.966 1.8653 -1.2002

, , 3

     [,1]    [,2]   [,3]    [,4]   [,5]
[1,] 42.6 -17.966 47.425 -4.6071 1.8311

, , 4

        [,1]   [,2]    [,3]   [,4]      [,5]
[1,] -4.0706 1.8653 -4.6071 0.7095 -0.060028

, , 5

       [,1]    [,2]   [,3]      [,4]   [,5]
[1,] 2.0259 -1.2002 1.8311 -0.060028 1.8106

