Estimates, standard errors and convergence t-ratios

                                             Estimate   Standard   Convergence 
                                                          Error      t-ratio   
Network Dynamics 
   1. rate  constant mynet rate (period 1)    4.9571  ( 5.0165   )   -0.1001   
   2. rate  constant mynet rate (period 2)    1.7889  ( 1.4278   )    0.0504   
   3. eval  outdegree (density)              -3.5991  ( 2.4784   )   -0.0814   
   4. eval  reciprocity                       3.6260  ( 3.5856   )   -0.1498   
   5. creat 3-cycles                          2.6772  ( 3.2889   )   -0.3453   
   6. creat myvcov ego                       -1.3580  ( 2.0462   )    0.1316   
   7. creat int.  myvcov ego x 3-cycles       1.4908  ( 3.0443   )    0.6915   

Behavior Dynamics
   8. rate  rate alcohol (period 1)           2.4576  ( 2.0167   )   -0.0770   
   9. rate  rate alcohol (period 2)           1.2672  ( 0.7102   )    0.1445   
  10. eval  behavior alcohol linear shape     0.2454  ( 0.2616   )    0.0883   
  11. eval  behavior alcohol quadratic shape -0.1014  ( 0.1606   )   -0.0670   

Total of 385 iteration steps.

Covariance matrix of estimates (correlations below diagonal)

      25.166        4.982      -10.716       14.935       14.531       -9.201       13.006       -7.647        2.544       -0.368       -0.370
       0.696        2.039       -2.873        4.257        3.729       -2.257        3.487       -2.014        0.628       -0.002       -0.098
      -0.862       -0.812        6.143       -8.794       -7.830        4.891       -7.383        3.853       -1.371        0.034        0.159
       0.830        0.832       -0.990       12.856       10.962       -6.954       10.656       -5.254        1.980        0.013       -0.220
       0.881        0.794       -0.961        0.930       10.817       -6.285        9.313       -5.771        1.772       -0.129       -0.207
      -0.896       -0.773        0.964       -0.948       -0.934        4.187       -5.993        3.125       -1.113        0.073        0.155
       0.852        0.802       -0.978        0.976        0.930       -0.962        9.268       -4.293        1.796       -0.007       -0.214
      -0.756       -0.700        0.771       -0.727       -0.870        0.757       -0.699        4.067       -0.773        0.220        0.061
       0.714        0.619       -0.779        0.777        0.758       -0.766        0.831       -0.540        0.504        0.022       -0.043
      -0.281       -0.007        0.053        0.014       -0.149        0.136       -0.009        0.416        0.116        0.068        0.002
      -0.459       -0.429        0.399       -0.382       -0.391        0.472       -0.438        0.189       -0.378        0.048        0.026

Derivative matrix of expected statistics X by parameters:

       0.722        0.000       -0.574       -0.467       -0.435        0.111       -0.380        0.795        0.000        0.295        0.282
       0.000        4.203       -1.324       -2.684       -0.010       -0.845       -0.136        0.000        0.557        0.227        2.532
      -1.309        0.538       33.068       27.303        6.664       -4.978        0.845       -4.427       -2.894       -3.614       -0.528
      -1.998       -1.054       15.701       16.425        2.931       -1.576       -0.348       -3.116       -0.628       -2.659       -2.315
      -0.556       -0.289        8.849        7.143        4.597        1.220        0.199        0.002       -1.304       -1.367        2.327
       2.103        0.450       -4.741       -2.911       -1.877        7.441        0.535       -0.886       -0.361       -0.650       -6.575
       2.332        1.023        1.080       -0.981       -1.244        1.970        2.175       -0.478       -1.898       -0.729       -1.858
      -1.424        0.000        3.179        3.352        2.716        1.473        0.114        2.457        0.000       -2.840        3.978
       0.000       -1.660       -3.317       -3.285       -0.652        0.699       -0.666        0.000        7.033        0.046       -2.656
       0.285        0.518       -6.230       -4.604       -1.979       -4.327       -2.162        6.020        1.253       27.785       -3.477
       1.550       -2.408       11.324        3.778        2.878        1.467       -0.966        2.499       -2.150       -3.353       62.537

Covariance matrix of X (correlations below diagonal):

      12.929        0.678        2.058       -0.467        2.001       -0.818        0.393       -2.123        0.787       -2.892        2.117
       0.053       12.763        2.706       -0.032        0.244       -3.453        0.453       -3.377       -0.465        2.385       -6.108
       0.075        0.099       57.955       54.899       17.047       -7.205        3.229       -5.912       -2.714       -1.444       10.930
      -0.017       -0.001        0.932       59.933       17.403       -4.546        3.174       -2.740       -0.972        1.075        6.465
       0.186        0.023        0.748        0.751        8.958       -0.671        1.384        0.249       -0.360        1.601        2.168
      -0.059       -0.249       -0.244       -0.152       -0.058       15.018        1.244        2.133        0.613       -0.614       -1.894
       0.077        0.089        0.297        0.287        0.324        0.225        2.038       -0.413        0.013       -1.607       -1.716
      -0.162       -0.260       -0.214       -0.097        0.023        0.151       -0.080       13.226        3.059        4.376       -0.784
       0.075       -0.045       -0.123       -0.043       -0.041        0.054        0.003        0.289        8.453        5.007       -6.933
      -0.154        0.128       -0.036        0.027        0.103       -0.030       -0.216        0.231        0.331       27.111       -4.781
       0.077       -0.223        0.187        0.109        0.094       -0.064       -0.157       -0.028       -0.311       -0.120       58.861
Estimates, standard errors and convergence t-ratios

                                                                     Estimate   Standard   Convergence 
                                                                                  Error      t-ratio   
Network Dynamics 
   1. rate constant mynet rate (period 1)                             4.4134  ( 1.4519   )   -0.0403   
   2. rate constant mynet rate (period 2)                             1.6694  ( 0.4709   )    0.0824   
   3. eval outdegree (density)                                       -3.2469  ( 0.6462   )   -0.2205   
   4. eval reciprocity                                                3.0304  ( 0.7091   )   -0.3453   
   5. eval indegree - activity                                        0.2429  ( 0.3010   )   -0.4430   
   6. eval myccov ego                                                -0.4038  ( 0.4985   )    0.2530   
   7. eval i3. indegree - activity x myccov ego x alcohol similarity  0.3765  ( 1.2189   )    0.0533   

Behavior Dynamics
   8. rate rate alcohol (period 1)                                    2.4034  ( 1.2544   )    0.2356   
   9. rate rate alcohol (period 2)                                    1.2097  ( 0.6463   )   -0.0365   
  10. eval behavior alcohol linear shape                              0.2347  ( 0.2268   )   -0.2509   
  11. eval behavior alcohol quadratic shape                          -0.1198  ( 0.1361   )   -0.3278   

Total of 335 iteration steps.

Covariance matrix of estimates (correlations below diagonal)

       2.108        0.028       -0.157        0.437        0.073        0.269       -0.223        0.953        0.294       -0.020        0.008
       0.041        0.222        0.000        0.023        0.000        0.024        0.137        0.057        0.011       -0.006       -0.008
      -0.167        0.001        0.418       -0.177       -0.153        0.056       -0.156       -0.358       -0.102        0.000       -0.022
       0.425        0.068       -0.386        0.503       -0.020        0.100        0.079        0.350        0.162        0.004        0.020
       0.167       -0.001       -0.788       -0.094        0.091       -0.037        0.035        0.180        0.019       -0.007        0.008
       0.372        0.102        0.175        0.284       -0.247        0.249       -0.199        0.069        0.010       -0.023        0.013
      -0.126        0.239       -0.198        0.091        0.096       -0.328        1.486       -0.061        0.269        0.080        0.024
       0.523        0.097       -0.442        0.394        0.476        0.110       -0.040        1.573        0.131       -0.101        0.021
       0.314        0.036       -0.245        0.353        0.100        0.031        0.342        0.161        0.418        0.053        0.022
      -0.060       -0.053        0.002        0.027       -0.104       -0.206        0.291       -0.357        0.361        0.051        0.002
       0.040       -0.125       -0.250        0.208        0.202        0.190        0.144        0.125        0.246        0.074        0.019

Derivative matrix of expected statistics X by parameters:

       3.052        0.000       -2.393       -1.688       -8.032       -0.835       -0.350       -1.284        0.000       -0.495       -0.258
       0.000        7.239       -3.213       -1.266       -5.335       -0.669       -0.159        0.000       -0.255       -0.632       -0.217
      -0.061        0.599       34.275       27.628      107.828       -1.140        2.824        1.515       -0.219        0.842        0.625
      -5.420       -0.599       23.478       24.696       81.328       -0.646        2.157        0.356       -1.088       -0.803        0.088
      -0.356       -1.089       73.544       63.746      263.096        1.485        6.908        0.179       -0.408        2.994       -2.557
       2.906       -0.267        2.744        1.685        8.283        7.185        1.291        0.967       -0.191        0.579       -4.193
       1.436       -0.827       -0.490       -0.927       -3.422        0.835        1.259        0.825       -0.468       -0.231        0.062
       0.268        0.000       -4.834       -5.078      -17.526        0.000       -0.799        3.056        0.000        1.949        0.473
       0.000       -0.149       -0.975       -2.083       -2.563        0.350       -0.986        0.000        4.944       -2.596       -1.781
      -4.060       -0.600       -3.933       -1.068       -9.421        0.473        0.815        2.793       -1.259       22.629       -3.147
       8.241        1.766       -9.151      -10.647      -43.482       -7.008        0.812       -2.140       -4.537       -4.150       63.485

Covariance matrix of X (correlations below diagonal):

      24.612        1.384       -2.722       -7.812      -11.131        2.753       -0.689        0.327        2.082       -3.445        3.296
       0.082       11.553       -0.638       -0.524       -1.474        0.743       -0.191        0.473       -1.298       -2.140       -5.319
      -0.066       -0.022       69.607       63.654      221.056        2.484        4.120       -2.196       -3.371       -4.762        1.289
      -0.189       -0.018        0.915       69.577      217.899        2.250        3.894       -1.984       -3.641       -4.194       -0.759
      -0.081       -0.016        0.951        0.938      775.984        8.258       11.836       -4.900       -7.810      -10.558       -1.373
       0.201        0.079        0.108        0.098        0.107        7.624        1.350        0.538        0.105       -1.794       -3.664
      -0.080       -0.033        0.285        0.270        0.246        0.283        2.993        0.041       -1.345        0.549        3.574
       0.022        0.047       -0.089       -0.080       -0.059        0.066        0.008        8.827        0.112        1.812        2.540
       0.153       -0.139       -0.147       -0.159       -0.102        0.014       -0.283        0.014        7.520       -0.702       -4.291
      -0.161       -0.146       -0.133       -0.117       -0.088       -0.151        0.074        0.142       -0.059       18.524       -3.336
       0.082       -0.192        0.019       -0.011       -0.006       -0.163        0.254        0.105       -0.192       -0.095       66.256
Estimates, standard errors and convergence t-ratios

                                                     Estimate   Standard   Convergence 
                                                                  Error      t-ratio   
Network Dynamics 
   1. rate constant mynet rate (period 1)             3.9805  ( 2.6225   )   -0.0274   
   2. rate constant mynet rate (period 2)             1.5532  ( 0.5573   )    0.0547   
   3. eval outdegree (density)                       -2.6859  ( 0.6425   )    0.3387   
   4. eval reciprocity                                2.9639  ( 1.8758   )   -0.1649   

Behavior Dynamics
   5. rate rate alcohol (period 1)                    2.3597  ( 4.5543   )   -0.0206   
   6. rate rate alcohol (period 2)                    1.1821  ( 1.0398   )    0.0919   
   7. eval behavior alcohol linear shape             -0.2474  ( 1.0126   )    0.1032   
   8. eval behavior alcohol quadratic shape          -0.2315  ( 0.2166   )    0.0561   
   9. eval behavior alcohol indegree                  0.3974  ( 1.1788   )   -0.1577   
  10. eval behavior alcohol average alter             0.9097  ( 5.4219   )   -0.1919   
  11. eval behavior alcohol indegree x average alter -0.2365  ( 2.3021   )   -0.0858   

Total of 222 iteration steps.

Covariance matrix of estimates (correlations below diagonal)

       6.878       -0.290        1.168       -3.956      -11.015       -2.241       -1.835        0.079        2.609       11.577       -4.599
      -0.199        0.311       -0.123        0.286        0.281        0.087        0.217        0.030       -0.198       -0.972        0.453
       0.693       -0.344        0.413       -1.059       -1.521       -0.532       -0.461       -0.011        0.550        2.621       -1.112
      -0.804        0.273       -0.879        3.519        6.483        1.811        1.552       -0.026       -1.990       -9.615        4.068
      -0.922        0.111       -0.520        0.759       20.742        3.711        2.908       -0.239       -4.428      -20.136        7.980
      -0.822        0.150       -0.797        0.929        0.784        1.081        0.799       -0.027       -1.071       -5.004        2.074
      -0.691        0.385       -0.708        0.817        0.631        0.759        1.025        0.064       -1.118       -4.651        1.948
       0.139        0.245       -0.080       -0.064       -0.242       -0.119        0.294        0.047       -0.017        0.025       -0.012
       0.844       -0.302        0.726       -0.900       -0.825       -0.874       -0.937       -0.066        1.390        5.982       -2.468
       0.814       -0.322        0.753       -0.945       -0.815       -0.888       -0.847        0.021        0.936       29.397      -12.370
      -0.762        0.353       -0.752        0.942        0.761        0.866        0.836       -0.025       -0.909       -0.991        5.300

Derivative matrix of expected statistics X by parameters:

       4.198        0.000       -2.387       -1.052        0.668        0.000        0.380       -2.208       -2.288       -2.333       -6.507
       0.000        7.502        1.798        2.838        0.000        1.290        1.996       -1.084       -0.432        2.731        5.309
      -3.221        3.583       27.095       24.364        3.557        0.565        6.311        5.015       18.207       10.669       16.374
      -1.978        0.165       14.545       20.014        4.315       -0.270        4.086        5.070        8.903        4.364        8.648
       2.238        0.000       -1.322       -1.178        1.500        0.000        1.924        1.320        0.538        1.423        3.497
       0.000        1.093        0.826       -1.888        0.000        5.938        2.542       -0.018        3.665        4.106        8.149
      -2.517        1.443        1.883        0.387        0.408        0.482       22.281       -7.420       28.398        5.470        4.738
       6.352       -5.997        2.870        3.155        8.547        0.574      -10.009       56.033      -10.195       14.507       27.083
      -3.749        2.460        4.060        2.836        4.161        1.047       28.126       -0.903       52.771       11.096       22.690
       1.240       -1.157       -0.064        0.201        1.486        1.449       -2.734        8.774       -9.027       13.930       27.732
       4.098       -2.468       -5.036       -6.966       -0.104        1.537       -6.934       16.398      -13.012       28.799       58.059

Covariance matrix of X (correlations below diagonal):

      19.169        1.208        0.873       -0.041       -1.765       -3.014        0.413        2.789        2.842        3.583        6.967
       0.075       13.388       -0.041       -1.469       -2.310       -0.269        3.992       -6.507        2.392        6.251       11.097
       0.038       -0.002       28.245       25.959        7.453        1.351        8.355       -2.299       16.159        7.320       14.018
      -0.002       -0.066        0.805       36.776        5.714        2.959        7.286       -0.618       15.449        9.002       19.835
      -0.104       -0.163        0.361        0.243       15.055        0.691        5.493        8.055        2.562        3.942        5.554
      -0.288       -0.031        0.106        0.204        0.074        5.726        1.062       -0.074       -0.881        4.035       10.233
       0.018        0.209        0.301        0.230        0.271        0.085       27.356       -4.486       37.933        6.972       15.901
       0.072       -0.202       -0.049       -0.012        0.236       -0.004       -0.097       77.407      -10.255       27.628       50.385
       0.063        0.064        0.296        0.248        0.064       -0.036        0.706       -0.113      105.465       14.981       49.222
       0.105        0.219        0.177        0.190        0.130        0.216        0.171        0.403        0.187       60.865      116.359
       0.096        0.182        0.158        0.196        0.086        0.257        0.183        0.344        0.288        0.896      277.390
Estimates, standard errors and convergence t-ratios

                                                                                                                      Estimate   Standard   Convergence 
                                                                                                                                   Error      t-ratio   
Network Dynamics 
   1. rate  constant mynet rate (period 1)                                                                             4.4154  ( 45.9839  )    0.2542   
   2. rate  constant mynet rate (period 2)                                                                             1.5558  (  7.6719  )    0.0546   
   3. eval  outdegree (density)                                                                                       -2.8599  (  6.5258  )    0.2780   
   4. eval  reciprocity                                                                                                3.2965  (  9.2764  )    0.1272   

Behavior Dynamics
   5. rate  rate alcohol (period 1)                                                                                    1.8520  ( 11.8864  )    0.0000   
   6. rate  rate alcohol (period 2)                                                                                    1.0874  (  2.8235  )    0.1398   
   7. eval  behavior alcohol linear shape                                                                              0.5741  (  3.0027  )    0.1871   
   8. eval  behavior alcohol quadratic shape                                                                          -0.2924  (  4.2656  )   -0.1061   
   9. endow dec. beh. alcohol outdegree                                                                                0.3416  ( 19.8810  )    0.1745   
  10. endow dec. beh. alcohol average alter                                                                           -3.3525  ( 61.7958  )    0.3278   
  11. endow dec. beh. alcohol: effect from myccov                                                                     -0.6101  ( 27.1896  )    0.0774   
  12. endow i3. dec. beh. alcohol average alter x dec. beh. alcohol outdegree x dec. beh. alcohol: effect from myccov  2.8375  ( 13.3438  )   -0.1560   

Total of 340 iteration steps.

Covariance matrix of estimates (correlations below diagonal)

    2114.521      351.238     -297.537      423.577     -545.082      127.896     -127.746     -194.877      910.220    -2830.186    -1245.812     -485.496
       0.996       58.857      -49.701       70.754      -90.348       21.368      -21.695      -32.312      151.798     -469.612     -206.888      -80.512
      -0.992       -0.993       42.586      -60.451       76.622      -18.057       18.674       27.147     -128.381      395.424      174.214       72.127
       0.993        0.994       -0.999       86.051     -108.867       25.753      -26.529      -38.771      183.206     -564.353     -248.428      -99.495
      -0.997       -0.991        0.988       -0.987      141.287      -32.878       32.400       50.251     -233.544      729.141      320.977      128.476
       0.985        0.986       -0.980        0.983       -0.980        7.972       -7.962      -11.746       55.443     -170.587      -75.075      -28.796
      -0.925       -0.942        0.953       -0.952        0.908       -0.939        9.016       11.436      -56.123      167.395       73.884       31.145
      -0.994       -0.987        0.975       -0.980        0.991       -0.975        0.893       18.195      -84.069      263.229      115.749       41.805
       0.996        0.995       -0.990        0.993       -0.988        0.988       -0.940       -0.991      395.256    -1220.864     -536.799     -200.294
      -0.996       -0.991        0.981       -0.984        0.993       -0.978        0.902        0.999       -0.994     3818.718     1678.300      619.117
      -0.996       -0.992        0.982       -0.985        0.993       -0.978        0.905        0.998       -0.993        0.999      739.276      275.341
      -0.791       -0.786        0.828       -0.804        0.810       -0.764        0.777        0.734       -0.755        0.751        0.759      178.056

Derivative matrix of expected statistics X by parameters:

       2.241        0.000       -1.242       -1.038        1.300        0.000        0.727       -0.228       -0.795       -0.507        0.969        0.105
       0.000        6.217        3.165        1.247        0.000       -1.676        1.015       -0.863       -0.213       -0.116        0.605       -0.154
       4.574        2.195       37.249       35.129       -3.247        0.204        1.547       -5.638        6.435        1.935        0.114       -1.332
      -0.203       -0.313       23.055       25.077       -0.713        0.586        1.075       -2.076        2.060        1.425       -0.600       -0.520
       4.230        0.000       -1.798       -3.678        4.179        0.000        4.469       -5.996       -0.866       -0.264        0.769       -0.771
       0.000        0.695       -0.922       -1.348        0.000        6.613        0.305        0.054       -5.643        0.009       -1.473       -0.045
      -0.351        1.669        3.353        1.435        1.641       -0.895       10.652        0.606        4.804       -0.138        1.173       -0.399
      -2.512        0.409        0.778        1.922        2.734        0.376       -3.696       50.602       -1.539       -8.930        0.902        4.674
      -0.002        0.284        2.865        0.943       -1.196       -1.505        5.323       -1.227        7.168        1.409        0.101       -0.572
       0.730        0.038        0.639        0.972       -0.520       -0.326        1.395       -1.694        1.363        0.351       -0.141       -0.070
      -0.304        1.098       -0.910       -1.535        0.584        0.008        0.102       -2.998       -0.305        1.091        1.184       -0.521
      -0.385        0.002       -1.440       -0.696        0.084        0.041       -0.769        1.535       -0.607       -0.526        0.066        0.325

Covariance matrix of X (correlations below diagonal):

      16.102        0.792        1.938        0.226        2.347        0.829        2.514       -0.017        0.204        0.068        1.688        0.490
       0.054       13.429        3.445        1.935       -2.245        0.065        1.078        0.361        1.698        1.809        0.428       -0.755
       0.066        0.129       52.796       47.287       -1.000        3.645        6.432       -7.503        4.327        0.120        0.825        0.886
       0.008        0.073        0.900       52.279       -0.898        3.602        3.924       -6.248        3.325        1.161       -0.166        1.024
       0.207       -0.217       -0.049       -0.044        8.000       -1.000        0.755        7.953       -3.673       -3.910        1.463        0.958
       0.076        0.007        0.185        0.183       -0.130        7.383       -1.134        1.722       -6.584       -0.452       -0.350        0.374
       0.143        0.067        0.202        0.124        0.061       -0.095       19.212       -5.866       16.690        4.827        0.976       -1.956
      -0.001        0.014       -0.145       -0.121        0.394        0.089       -0.187       51.058      -12.471       -8.939        1.382        4.986
       0.009        0.083        0.106        0.082       -0.231       -0.432        0.678       -0.311       31.530        8.283       -0.060       -2.737
       0.005        0.144        0.005        0.047       -0.403       -0.049        0.321       -0.365        0.430       11.763        0.044       -2.432
       0.235        0.065        0.063       -0.013        0.289       -0.072        0.124        0.108       -0.006        0.007        3.202        0.664
       0.069       -0.117        0.069        0.080        0.192        0.078       -0.253        0.396       -0.277       -0.403        0.211        3.100
