Estimates, standard errors and convergence t-ratios

                                                   Estimate   Standard   Convergence 
                                                                Error      t-ratio   

Rate parameters: 
  0.1       Rate parameter cond. variable period 1  4.4093  ( 1.5110   )             
  0.2       Rate parameter cond. variable period 2  1.7319  ( 0.6019   )             

Other parameters: 
Network Dynamics 
  1.  eval  outdegree (density)                    -3.4990  ( 1.3070   )    0.0254   
  2.  eval  reciprocity                             3.5751  ( 1.0476   )   -0.0805   
  3.  creat 3-cycles                                2.5210  ( 3.0969   )   -0.3542   
  4.  creat myvcov ego                             -1.1365  ( 0.9341   )   -0.4708   
  5.  creat int.  myvcov ego x 3-cycles             0.8173  ( 1.3185   )   -0.0648   

Behavior Dynamics
  6.  rate  rate alcohol (period 1)                 2.8532  ( 2.5597   )    0.4356   
  7.  rate  rate alcohol (period 2)                 1.1949  ( 1.0778   )   -0.1060   
  8.  eval  behavior alcohol linear shape           0.1854  ( 0.3314   )   -0.1960   
  9.  eval  behavior alcohol quadratic shape       -0.1402  ( 0.1346   )   -0.2025   

Total of 182 iteration steps.

Covariance matrix of estimates (correlations below diagonal)

       1.708       -1.218       -3.732        0.959       -1.344        4.235        0.910       -0.310        0.062
      -0.890        1.097        2.321       -0.592        0.812       -1.077       -1.563        0.214       -0.047
      -0.922        0.715        9.591       -2.283        3.326      -11.432       -2.194        0.777       -0.164
       0.785       -0.605       -0.789        0.872       -1.027        0.839        1.786       -0.149        0.031
      -0.780        0.588        0.814       -0.834        1.738       -3.742       -0.946        0.280       -0.027
       1.266       -1.022       -1.442        0.894       -1.109        6.552        6.118       -1.113        0.259
       0.646       -0.544       -0.657        0.697       -0.666        0.871        1.162       -0.232        0.039
      -0.715        0.618        0.757       -0.482        0.642       -0.515       -1.650        0.110       -0.011
       0.354       -0.334       -0.394        0.250       -0.151        0.750        0.267       -0.243        0.018

Derivative matrix of expected statistics X by parameters:

      30.733       27.743        7.843       -0.276       -0.070        0.126        2.239        1.108       -1.116
      18.154       20.329        5.701       -0.770       -0.566       -0.338        1.105        0.087       -0.935
       7.976        7.121        3.862        2.183       -1.058        0.683        1.149        1.252       -2.218
      -0.651        1.098        2.646       10.323        0.057       -3.439       -1.478       -0.360       -4.910
       4.963        3.335        1.624        3.176        1.602       -4.979       -0.231       -0.740       -5.044
       8.299        8.194        7.646        6.110       -1.495        1.357        0.000       10.835      -13.182
      -0.773       -1.025       -0.284       -2.729        0.243        0.000        7.407        5.848       -7.154
      -0.779       -2.165       -0.425       -1.828       -1.048        1.682        0.054       34.374      -17.912
       1.061        5.836        0.980       -8.822       -3.527       -1.507       -4.902      -14.305       75.871

Covariance matrix of X (correlations below diagonal):

      62.082       53.184       15.532       -2.178        2.145       -7.065       -2.294       -5.376        3.299
       0.906       55.551       16.248       -0.169        0.238       -3.008       -2.180       -2.608        5.127
       0.717        0.793        7.550        1.839       -0.927       -1.173       -1.126       -0.332        0.976
      -0.067       -0.005        0.161       17.179        1.726       -1.073       -1.153        1.967       -3.793
       0.177        0.021       -0.220        0.271        2.359       -1.641        0.309       -1.802       -0.203
      -0.241       -0.109       -0.115       -0.070       -0.287       13.832        2.391        1.569        4.026
      -0.086       -0.086       -0.121       -0.082        0.059        0.189       11.541       -1.042       -6.774
      -0.126       -0.065       -0.022        0.088       -0.217        0.078       -0.057       29.241      -14.439
       0.050        0.082        0.042       -0.109       -0.016        0.129       -0.237       -0.317       70.942
Estimates, standard errors and convergence t-ratios

                                                                     Estimate   Standard   Convergence 
                                                                                  Error      t-ratio   

Rate parameters: 
  0.1      Rate parameter cond. variable period 1                     3.9587  ( 1.0690   )             
  0.2      Rate parameter cond. variable period 2                     1.5694  ( 0.5508   )             

Other parameters: 
Network Dynamics 
  1.  eval outdegree (density)                                       -3.3725  ( 1.3771   )   -0.2397   
  2.  eval reciprocity                                                3.2346  ( 0.8678   )   -0.4176   
  3.  eval indegree - activity                                        0.2570  ( 0.7117   )   -0.5889   
  4.  eval myccov ego                                                -0.3997  ( 0.7118   )    0.2412   
  5.  eval i3. indegree - activity x myccov ego x alcohol similarity  0.3562  ( 2.0575   )    0.1807   

Behavior Dynamics
  6.  rate rate alcohol (period 1)                                    2.3504  ( 0.9431   )   -0.1200   
  7.  rate rate alcohol (period 2)                                    1.1765  ( 0.8014   )   -0.2591   
  8.  eval behavior alcohol linear shape                              0.2573  ( 0.3557   )    0.1774   
  9.  eval behavior alcohol quadratic shape                          -0.1229  ( 0.1303   )   -0.1269   

Total of 324 iteration steps.

Covariance matrix of estimates (correlations below diagonal)

       1.897        0.689       -0.905       -0.346       -0.778        1.207       -0.639       -0.087        0.064
       0.576        0.753       -0.442       -0.024       -0.423        0.298       -0.706       -0.109        0.005
      -0.923       -0.715        0.507        0.170        0.714       -0.472        0.317        0.014       -0.030
      -0.353       -0.039        0.336        0.507        0.492       -0.041        0.845       -0.065        0.010
      -0.275       -0.237        0.487        0.336        4.233        1.007        0.563       -0.359       -0.047
       0.929        0.920       -0.703       -0.156        0.519        0.889       -1.107       -0.409       -0.015
      -0.579       -0.403        0.556        0.587        0.341       -0.580        0.642        0.032       -0.017
      -0.178       -0.354        0.055       -0.256       -0.491       -0.483        0.281        0.127        0.012
       0.356        0.043       -0.320        0.108       -0.174       -0.121       -0.164        0.260        0.017

Derivative matrix of expected statistics X by parameters:

      15.105       12.816       44.292        1.392        1.143       -6.365        1.313       -2.486       -2.119
       8.116       11.506       27.884       -0.301        0.672       -2.189        2.321       -0.933        2.976
      30.883       31.162      111.499        3.567        2.146      -10.565        4.876       -2.007        4.682
      -1.647       -2.215       -7.259        4.376       -0.170        3.092       -0.842        4.024       -4.831
      -1.360       -0.777       -5.791       -0.245        0.978       -0.705       -0.240        0.285       -0.244
      -7.716       -9.888       -3.399        1.362       -2.243       21.524        0.000       23.372        4.137
       5.896        3.641       11.117       -1.511       -1.560        0.000        7.098        0.217        2.322
      -0.805        0.125        0.191        2.189        0.151        7.728        0.394       29.365       -9.088
      -3.057        3.358      -14.565       -2.075       -1.531       -0.817       -3.926      -10.618       70.039

Covariance matrix of X (correlations below diagonal):

      26.758       22.266       81.073        0.733        2.024       -3.097        2.020       -2.795        3.435
       0.864       24.810       78.310        1.400        2.757       -2.366        3.476       -1.639        7.999
       0.863        0.865      330.173        3.275       12.534       -5.710       11.445      -10.404       10.204
       0.054        0.108        0.069        6.777        0.653        0.451        3.476        1.277        1.712
       0.215        0.304        0.378        0.138        3.323       -1.774        0.010       -1.130        1.734
      -0.150       -0.119       -0.079        0.043       -0.243       16.010        0.366        5.063        1.568
       0.110        0.197        0.177        0.376        0.001        0.026       12.606        5.639       -5.559
      -0.104       -0.063       -0.110        0.095       -0.120        0.244        0.306       26.891       -6.454
       0.093        0.224        0.078        0.092        0.133        0.055       -0.219       -0.174       51.216
Estimates, standard errors and convergence t-ratios

                                                     Estimate   Standard   Convergence 
                                                                  Error      t-ratio   

Rate parameters: 
  0.1      Rate parameter cond. variable period 1     4.1297  (   1.2316 )             
  0.2      Rate parameter cond. variable period 2     1.4878  (   0.4689 )             

Other parameters: 
Network Dynamics 
  1.  eval outdegree (density)                       -2.7351  (  27.3974 )    0.2518   
  2.  eval reciprocity                                3.0453  (   9.3075 )   -0.1634   

Behavior Dynamics
  3.  rate rate alcohol (period 1)                    2.3658  ( 194.0412 )   -0.1946   
  4.  rate rate alcohol (period 2)                    1.1305  (  54.3017 )    0.0415   
  5.  eval behavior alcohol linear shape             -0.2934  (  29.4790 )    0.4125   
  6.  eval behavior alcohol quadratic shape          -0.2889  (   6.8538 )   -0.3104   
  7.  eval behavior alcohol indegree                  0.4680  (   9.5146 )    0.1775   
  8.  eval behavior alcohol average alter             0.5653  ( 311.6408 )    0.0748   
  9.  eval behavior alcohol indegree x average alter  0.0571  ( 189.8449 )    0.2347   

Total of 158 iteration steps.

Covariance matrix of estimates (correlations below diagonal)

     750.616     -254.667     5315.749     -892.848     -807.425     -187.546      260.330    -8537.468     5200.840
      -0.999       86.629     -649.420      840.687      273.834       63.553      -88.312     2895.589    -1763.879
       1.000       -0.998    37651.969    -6323.785    -5718.938    -1328.726     1843.917   -60469.131    36836.869
      -0.600        0.599       -0.216     2948.677      960.466      223.137     -309.675    10156.697    -6187.234
      -1.000        0.998       -1.000        0.600      869.010      201.909     -280.322     9183.994    -5594.847
      -0.999        0.996       -0.360        1.664        0.999       46.975      -65.157     2133.495    -1299.801
       0.999       -0.997        0.999       -0.599       -0.999       -0.999       90.527    -2960.853     1803.814
      -1.000        0.998       -0.360        1.666        1.000        0.999       -0.999    97119.968   -59163.242
       1.000       -0.998        1.000       -0.600       -1.000       -0.999        0.999       -1.000    36041.079

Derivative matrix of expected statistics X by parameters:

      37.418       34.992        5.256       -1.187        6.553        1.841        6.193        0.935       -0.120
      19.718       24.360        2.672       -0.085        1.520        4.094        3.660       -1.439       -0.362
     -23.578      -29.059        9.190        0.000       14.450        8.363       19.063        0.689       -0.562
       1.167       -1.981        0.000       12.659        2.149       -1.421        8.718       -0.813        2.036
       0.449       -1.522        4.098       -0.293       20.648        0.814       30.373        5.192       12.080
       0.558        1.435       -1.311       -3.451        0.389       45.969       14.469       20.909       46.784
       1.063       -0.370        3.993       -0.707       20.027       12.126       48.082        3.659       11.234
       1.750        2.362       -0.861       -0.867        1.217        8.341        3.667       15.354       32.053
       4.445        6.816       -3.926        0.073        0.014       12.560        4.431       26.104       56.011

Covariance matrix of X (correlations below diagonal):

      55.740       52.256        2.212        3.854        0.873        8.043       -3.553       -0.133        0.547
       0.922       57.615        0.016        5.075       -1.744        1.248      -10.474       -2.208       -2.426
       0.096        0.001        9.510        1.576        8.873        2.422       15.600        0.380        1.452
       0.153        0.198        0.151       11.388       -0.311       -2.102        4.717        0.261        9.111
       0.020       -0.039        0.483       -0.015       35.560        5.317       50.336       23.116       48.254
       0.158        0.024        0.115       -0.091        0.131       46.371       17.475       11.225        9.787
      -0.043       -0.124        0.454        0.125        0.757        0.230      124.387       37.327       93.419
      -0.002       -0.041        0.017        0.011        0.544        0.231        0.470       50.814       95.560
       0.005       -0.021        0.031        0.177        0.531        0.094        0.550        0.880      232.116
Estimates, standard errors and convergence t-ratios

                                                                                                                      Estimate   Standard   Convergence 
                                                                                                                                   Error      t-ratio   

Rate parameters: 
  0.1       Rate parameter cond. variable period 1                                                                     4.0595  ( 1.4731   )             
  0.2       Rate parameter cond. variable period 2                                                                     1.4827  ( 0.4873   )             

Other parameters: 
Network Dynamics 
   1. eval  outdegree (density)                                                                                       -2.8633  ( 0.5268   )    0.2113   
   2. eval  reciprocity                                                                                                3.2749  ( 0.6988   )   -0.2106   

Behavior Dynamics
   3. rate  rate alcohol (period 1)                                                                                    1.7909  ( 0.7040   )   -0.1019   
   4. rate  rate alcohol (period 2)                                                                                    1.0785  ( 0.9721   )    0.0799   
   5. eval  behavior alcohol linear shape                                                                              0.6521  ( 0.7743   )   -0.0781   
   6. eval  behavior alcohol quadratic shape                                                                          -0.3775  ( 0.5497   )   -0.1847   
   7. endow dec. beh. alcohol outdegree                                                                                0.4824  ( 2.6372   )   -0.0339   
   8. endow dec. beh. alcohol average alter                                                                           -4.2656  ( 5.0441   )   -0.1577   
   9. endow dec. beh. alcohol: effect from myccov                                                                     -0.8858  ( 2.0496   )    0.2268   
  10. endow i3. dec. beh. alcohol average alter x dec. beh. alcohol outdegree x dec. beh. alcohol: effect from myccov  2.5723  ( 2.2377   )    0.0799   

Total of 203 iteration steps.

Covariance matrix of estimates (correlations below diagonal)

       0.278       -0.300       -0.076        0.839       -0.270        0.071       -0.155        0.556        0.781        0.055
      -0.814        0.488        0.028       -0.326        0.252       -0.038        0.628       -0.404       -1.080        0.166
      -0.205        0.155        0.496       -0.479        0.036        0.089       -0.681        1.560       -0.299       -0.374
       0.599       -0.480       -0.093        0.945       -0.445       -0.049        0.028       -0.094        0.982        0.476
      -0.661        0.465        0.067       -1.620        0.600       -0.128       -0.544       -1.174       -0.727       -0.427
       0.245       -0.099        0.084       -0.092       -0.300        0.302       -0.254        2.233        0.280       -0.146
      -0.112        0.341       -0.367        0.030       -0.266       -0.175        6.955       -5.582       -2.261        3.079
       0.209       -0.115        0.160       -0.019       -0.301        0.806       -0.420       25.443        1.872       -4.560
       0.724       -0.754       -0.207        1.350       -0.458        0.249       -0.418        0.181        4.201        0.318
       0.047        0.106       -0.087        0.219       -0.246       -0.119        0.522       -0.404        0.069        5.007

Derivative matrix of expected statistics X by parameters:

      23.919       17.278        1.619       -2.819        2.045        3.214        1.346        1.071       -0.615        0.000
      13.499       15.258        1.591        0.393       -1.694        0.965       -2.982        0.434        0.751        0.000
      -4.240       -1.506       30.708        0.000       10.510       14.423      -20.707       -8.765        0.010        0.000
      -2.443       -1.012        0.000        7.076        2.121        1.113       -4.042       -2.162        0.406        0.000
      -1.981       -2.326        1.592        0.778       11.155       -5.690        5.438        2.095        0.569        0.000
      -4.406       -1.487        0.100        2.261       -6.473       31.483       -7.434       -5.525       -1.392        0.000
      -1.309       -1.430        0.887       -0.502        2.543       -1.270        2.573        0.194        0.584        0.000
      -0.108       -0.521       -0.396        0.010        1.350       -3.810        1.739        1.167        0.113        0.000
      -1.223       -0.469        1.249       -0.485        1.641       -2.001        0.336        0.589        1.198        0.000
       0.000        0.000        0.000        0.000        0.000        0.000        0.000        0.000        0.000        1.000

Covariance matrix of X (correlations below diagonal):

      36.696       27.259       -0.268       -0.162       -1.445       -1.029        1.404        0.799        0.999        0.730
       0.846       28.271        3.520        0.769       -0.873        3.044       -2.310       -2.054        0.810        2.336
      -0.011        0.161       16.983       -2.043        2.300        9.721      -12.494       -5.560       -0.760        1.764
      -0.008        0.041       -0.141       12.287       -0.527       -4.489       -9.718       -0.713        0.363       -0.222
      -0.062       -0.043        0.145       -0.039       14.745      -15.799        8.041        5.176       -1.305       -2.080
      -0.018        0.059        0.243       -0.132       -0.425       93.940      -11.147      -21.293        2.030       10.027
       0.039       -0.074       -0.514       -0.470        0.355       -0.195       34.735        7.940       -0.067       -0.948
       0.039       -0.114       -0.397       -0.060        0.397       -0.647        0.397       11.522       -1.566       -4.380
       0.101        0.094       -0.113        0.064       -0.209        0.129       -0.007       -0.283        2.649        1.846
       0.054        0.196        0.191       -0.028       -0.242        0.462       -0.072       -0.577        0.507        5.007
