Estimates, standard errors and convergence t-ratios

                                                   Estimate   Standard   Convergence 
                                                                Error      t-ratio   

Rate parameters: 
  0.1       Rate parameter cond. variable period 1  2.1749  ( 0.7414   )             
  0.2       Rate parameter cond. variable period 2  1.1018  ( 0.5436   )             

Other parameters: 
Network Dynamics 
  1.  rate  constant mynet rate (period 1)          5.1456  ( 2.2784   )   -0.0965   
  2.  rate  constant mynet rate (period 2)          3.1593  ( 1.8824   )    0.8288   
  3.  eval  outdegree (density)                    -3.3928  ( 0.5737   )   -0.5898   
  4.  eval  reciprocity                             3.4311  ( 0.9315   )   -0.6057   
  5.  creat 3-cycles                                2.3038  ( 1.0753   )   -1.2310   
  6.  creat myvcov ego                             -1.0322  ( 0.9585   )    0.2058   
  7.  creat int.  myvcov ego x 3-cycles             1.3255  ( 1.6477   )    0.5538   

Behavior Dynamics
  8.  eval  behavior alcohol linear shape           0.2532  ( 0.2437   )   -0.1896   
  9.  eval  behavior alcohol quadratic shape       -0.1004  ( 0.1961   )    0.0292   

Total of 304 iteration steps.

Covariance matrix of estimates (correlations below diagonal)

       5.191        0.169        0.342        0.266       -0.882        0.530       -1.329       -0.049       -0.210
       0.020        3.543        0.005        0.388       -0.453        0.310       -0.132        0.137        0.095
       0.262        0.004        0.329       -0.310       -0.412        0.318       -0.517       -0.019       -0.018
       0.064        0.437       -0.579        0.868       -0.035        0.102       -0.260       -0.005        0.066
      -0.360       -0.224       -0.668       -0.035        1.156       -0.638        1.156        0.005       -0.014
       0.123        0.339        0.578        0.114       -0.619        0.919       -1.435       -0.008        0.057
      -0.354       -0.042       -0.547       -0.169        0.653       -0.908        2.715        0.076       -0.059
      -0.045        0.590       -0.138       -0.024        0.019       -0.033        0.189        0.059        0.014
      -0.471        0.257       -0.160        0.359       -0.067        0.303       -0.184        0.285        0.038

Derivative matrix of expected statistics X by parameters:

       5.437        0.000       -2.435       -3.515        0.302       -0.220        0.620       -1.514        5.670
       0.000        5.194       -0.665       -1.413        0.688       -1.474        0.001       -1.223       -2.825
       0.048       -1.156       38.230       30.007        5.038       -7.063       -0.982        3.459        5.588
      -2.734       -0.930       16.782       17.105        1.789       -2.627       -0.122        2.727       -1.048
       0.844       -0.142        9.847        7.934        2.914       -1.085       -0.361        0.996       -0.012
       1.554       -3.924       -1.542       -0.049       -0.408        9.587        1.012       -1.285       -7.408
      -0.614       -3.001        3.337        3.286       -0.048        5.224        1.165       -1.713       -0.579
       0.410       -3.712        1.807        3.872        0.253       -0.698       -0.428       21.896       -5.123
      11.849        4.037      -10.601      -15.056       -1.065        3.750        0.508      -11.695       52.416

Covariance matrix of X (correlations below diagonal):

      33.680        6.509       -2.988      -13.130        0.845      -10.344       -1.511        1.951        8.233
       0.193       33.824       -5.933       -6.144        0.489       -8.594       -0.374       -1.494       -5.486
      -0.071       -0.140       53.153       43.759        7.996       -3.102       -0.283       -6.041       -2.559
      -0.333       -0.155        0.882       46.271        6.521        0.228        0.478       -2.873       -6.294
       0.086        0.050        0.649        0.567        2.855        0.253        0.365       -0.555       -1.584
      -0.417       -0.346       -0.100        0.008        0.035       18.233        1.836        0.533       -2.744
      -0.243       -0.060       -0.036        0.066        0.202        0.401        1.151       -0.513       -0.424
       0.080       -0.061       -0.196       -0.100       -0.078        0.030       -0.113       17.796       -6.890
       0.207       -0.138       -0.051       -0.135       -0.137       -0.094       -0.058       -0.239       46.772
Estimates, standard errors and convergence t-ratios

                                                                     Estimate   Standard   Convergence 
                                                                                  Error      t-ratio   

Rate parameters: 
  0.1      Rate parameter cond. variable period 1                     1.9969  (  0.6518  )             
  0.2      Rate parameter cond. variable period 2                     1.1464  (  0.4054  )             

Other parameters: 
Network Dynamics 
  1.  rate constant mynet rate (period 1)                             4.4572  ( 11.5865  )    0.0448   
  2.  rate constant mynet rate (period 2)                             3.3204  (  5.5798  )    0.8803   
  3.  eval outdegree (density)                                       -3.0295  (  0.4431  )    0.0167   
  4.  eval reciprocity                                                2.9915  (  1.1852  )   -0.1697   
  5.  eval indegree - activity                                        0.1639  (  0.5669  )   -0.3346   
  6.  eval myccov ego                                                -0.3977  (  0.3645  )    0.0791   
  7.  eval i3. indegree - activity x myccov ego x alcohol similarity  0.1806  (  5.5609  )   -0.1781   

Behavior Dynamics
  8.  eval behavior alcohol linear shape                              0.2554  (  0.1951  )    0.0659   
  9.  eval behavior alcohol quadratic shape                          -0.1139  (  0.2346  )   -0.0148   

Total of 324 iteration steps.

Covariance matrix of estimates (correlations below diagonal)

     134.248        7.240        0.513        0.545       -0.360       -0.326      -10.431       -0.003        0.050
       0.064       31.134        0.875        4.441       -2.059       -0.777      -22.625        0.312        0.863
       0.100        0.354        0.196        0.251       -0.186       -0.036       -1.112        0.032        0.042
       0.023        1.170        0.478        1.405       -0.622       -0.210       -5.779        0.071        0.212
      -0.055       -0.651       -0.741       -0.926        0.321        0.102        2.635       -0.044       -0.100
      -0.044       -0.665       -0.225       -0.485        0.491        0.133        1.138        0.009       -0.043
      -0.162       -0.729       -0.451       -0.877        0.836        0.561       30.924       -0.324       -1.115
      -0.001        0.499        0.372        0.307       -0.398        0.123       -0.299        0.038        0.016
       0.018        0.660        0.407        0.762       -0.754       -0.498       -0.854        0.353        0.055

Derivative matrix of expected statistics X by parameters:

       1.000        0.000        0.000        0.000        0.000        0.000        0.000        0.000        0.000
       0.000        4.509        1.668        0.722        9.422        0.029        1.845        0.391       -2.142
       0.000        8.523       43.871       38.591      140.132       -7.479       -0.166        4.411        5.144
       0.000       -0.896       25.532       29.990       89.150       -4.621        2.110        3.576        1.147
       0.000       13.374       73.297       76.053      271.597      -14.960        0.656       15.855        5.480
       0.000       -1.671       -2.930       -2.586      -13.694       10.917       -1.394       -7.842        3.213
       0.000        0.982        1.616        1.212        6.348       -0.476        1.658        0.093        1.379
       0.000        5.521        2.043        3.404        7.609       -3.781       -1.615       30.465       -5.351
       0.000       -3.348        8.608        9.435       31.112       -5.136       -0.399       -6.886       74.909

Covariance matrix of X (correlations below diagonal):

      33.666        8.842        2.540        0.982       10.962        0.189       -2.188        1.058      -11.974
       0.224       46.142        7.472        6.016       31.698        1.405        0.068        9.353       -6.619
       0.061        0.153       51.904       47.254      156.238       -3.316        2.226        2.206        5.873
       0.023        0.121        0.898       53.370      153.217       -2.813        2.190        1.221        0.736
       0.081        0.201        0.933        0.902      540.747      -12.397        8.523       12.826       18.135
       0.011        0.069       -0.153       -0.128       -0.177        9.032       -0.132       -2.415       -4.307
      -0.157        0.004        0.128        0.124        0.152       -0.018        5.805       -0.472        1.001
       0.038        0.284        0.063        0.034        0.114       -0.166       -0.040       23.569       -5.183
      -0.239       -0.113        0.094        0.012        0.090       -0.166        0.048       -0.124       74.620
Estimates, standard errors and convergence t-ratios

                                                     Estimate   Standard   Convergence 
                                                                  Error      t-ratio   

Rate parameters: 
  0.1      Rate parameter cond. variable period 1     1.9276  (  0.6261  )             
  0.2      Rate parameter cond. variable period 2     1.1001  (  0.3746  )             

Other parameters: 
Network Dynamics 
  1.  rate constant mynet rate (period 1)             4.5669  ( 48.7323  )    0.0907   
  2.  rate constant mynet rate (period 2)             3.0762  ( 12.5709  )    1.3568   
  3.  eval outdegree (density)                       -2.7506  (  1.4484  )    0.1033   
  4.  eval reciprocity                                3.1322  (  3.8809  )   -0.2848   

Behavior Dynamics
  5.  eval behavior alcohol linear shape             -0.2933  (  4.3270  )    0.1290   
  6.  eval behavior alcohol quadratic shape          -0.2444  (  2.3830  )    0.0484   
  7.  eval behavior alcohol indegree                  0.5068  (  0.6759  )   -0.0142   
  8.  eval behavior alcohol average alter             0.6593  ( 61.3588  )    0.0185   
  9.  eval behavior alcohol indegree x average alter  0.0036  ( 51.0382  )    0.2506   

Total of 324 iteration steps.

Covariance matrix of estimates (correlations below diagonal)

    2374.834      459.517      -68.925      187.124     -205.613     -115.034        1.111     2975.136    -2478.028
       0.428      158.027      -13.434       36.521      -39.661      -22.212        0.006      575.356     -479.550
      -0.977       -0.738        2.098       -5.576        5.847        3.327        0.076      -85.982       71.685
       0.565        1.312       -0.992       15.061      -15.956       -9.039       -0.127      233.283     -194.492
      -0.975       -0.729        0.933       -0.950       18.723       10.121       -0.702     -262.296      217.926
      -0.565       -1.299        0.964       -0.977        0.982        5.679       -0.157     -145.239      120.658
       0.034        0.001        0.077       -0.049       -0.240       -0.098        0.457        4.220       -3.138
       0.568        1.307       -0.968        0.980       -0.988       -0.993        0.102     3764.900    -3130.867
      -0.996       -0.747        0.970       -0.982        0.987        0.992       -0.091       -1.000     2604.897

Derivative matrix of expected statistics X by parameters:

       1.361        0.000       -3.016       -3.355       -0.703        4.169       -0.059        3.541        8.979
       0.000        5.462       -3.075       -4.299       -0.364       -0.304        0.767        0.000       -0.846
       0.665        1.623       48.919       43.724       14.383       -2.219       21.358       13.101       29.840
      -3.973       -2.315       21.895       26.762        7.711        3.145       15.053        4.726       12.479
      -5.525        0.604        5.659        6.654       23.724       -7.757       31.828        3.195        2.826
       3.957        3.218       -5.610       -5.274       -9.189       50.861       -2.528       19.167       29.731
      -8.089        0.645        0.961        3.123       24.886       -6.990       45.293        2.499        8.070
      -2.300        2.571       -3.132       -3.008       -2.523       11.144       -1.629        7.406       14.152
      -2.124        3.565       -5.709       -5.509       -4.799       13.953       -3.790        9.540       19.869

Covariance matrix of X (correlations below diagonal):

      32.867       -1.748       -0.997       -2.263       -5.117       -0.681      -18.293       -5.625      -11.453
      -0.062       23.949        1.676       -2.779       -0.144        1.287       -1.766        2.141        3.586
      -0.021        0.042       66.137       54.266       19.709       -5.283       34.630        6.633       15.825
      -0.053       -0.076        0.896       55.414       18.537       -4.148       29.983        3.917        9.668
      -0.160       -0.005        0.434        0.446       31.144       -2.182       44.838       12.011       26.234
      -0.015        0.032       -0.080       -0.069       -0.048       65.597       -5.144       19.695       18.710
      -0.323       -0.037        0.431        0.408        0.814       -0.064       97.429       20.597       49.351
      -0.151        0.067        0.125        0.081        0.331        0.374        0.321       42.280       82.235
      -0.144        0.053        0.140        0.093        0.338        0.166        0.360        0.910      192.997
Estimates, standard errors and convergence t-ratios

                                                                                                                      Estimate   Standard   Convergence 
                                                                                                                                   Error      t-ratio   

Rate parameters: 
  0.1       Rate parameter cond. variable period 1                                                                     1.7663  (  0.5625  )             
  0.2       Rate parameter cond. variable period 2                                                                     1.1126  (  0.4594  )             

Other parameters: 
Network Dynamics 
   1. rate  constant mynet rate (period 1)                                                                             4.6957  (  4.8866  )    0.1516   
   2. rate  constant mynet rate (period 2)                                                                             4.1019  (  4.3291  )    1.2019   
   3. eval  outdegree (density)                                                                                       -2.7878  (  3.0591  )    0.2518   
   4. eval  reciprocity                                                                                                3.2108  (  5.9882  )    0.0627   

Behavior Dynamics
   5. eval  behavior alcohol linear shape                                                                              0.4122  (  1.7721  )    0.0204   
   6. eval  behavior alcohol quadratic shape                                                                          -0.2395  (  0.8256  )    0.0696   
   7. endow dec. beh. alcohol outdegree                                                                                0.5818  (  9.9506  )    0.0195   
   8. endow dec. beh. alcohol average alter                                                                           -3.2018  ( 22.8791  )    0.2778   
   9. endow dec. beh. alcohol: effect from myccov                                                                     -0.4009  (  3.3049  )    0.3526   
  10. endow i3. dec. beh. alcohol average alter x dec. beh. alcohol outdegree x dec. beh. alcohol: effect from myccov  2.2125  ( 27.3509  )   -0.1049   

Total of 329 iteration steps.

Covariance matrix of estimates (correlations below diagonal)

      23.879      -16.589        8.258      -15.441        0.971       -1.369       25.320      -46.940       -8.025       53.978
      -0.311       18.741      -12.533       24.124       -4.622        2.688      -40.913       83.965       12.074     -111.022
       0.552       -1.503        9.358      -18.220        3.800       -2.063       30.081      -64.478       -8.935       81.250
      -0.332        0.931       -0.995       35.859       -8.090        4.225      -58.821      130.612       17.788     -160.428
       0.112       -0.956        0.701       -0.762        3.140       -1.239       12.575      -35.828       -4.595       38.568
      -0.214        0.752       -0.817        0.855       -0.847        0.682       -7.071       17.848        2.475      -19.977
       0.521       -1.508        0.988       -0.987        0.713       -0.861       99.014     -213.548      -29.685      267.771
      -0.264        0.848       -0.921        0.953       -0.884        0.945       -0.938      523.452       69.035     -598.725
      -0.497        1.340       -0.884        0.899       -0.785        0.907       -0.903        0.913       10.922      -81.738
       0.254       -0.938        0.971       -0.980        0.796       -0.885        0.984       -0.957       -0.904      748.074

Derivative matrix of expected statistics X by parameters:

       1.963        0.000       -0.049        1.671        1.008       -1.345       -0.870        0.681        0.497        0.142
       0.000        7.016        0.764        1.055       -1.443        0.965       -0.417       -0.635        0.268        0.240
       6.899        9.939       54.055       47.478        6.755        0.420        3.358        1.670       -1.007       -2.735
       0.241       -0.958       27.677       28.392        4.867        2.270        3.189        0.565       -0.286       -0.988
      -1.915       -5.838        7.424        6.230       11.309       -5.702        5.514        0.575        0.028       -0.275
      -8.621       -2.628       -3.742        0.790       -6.659       42.370       -2.075       -3.895       -2.544        0.690
      -3.840       -3.824       -0.658       -0.360        3.800        0.159        4.613       -0.021        0.257       -0.177
      -0.324        0.371       -0.902       -1.124        1.029       -2.223        0.427        0.441        0.069        0.121
      -0.236       -1.978        2.046        2.099        1.594       -3.920        0.009        0.164        1.628        0.545
       0.093        1.399       -0.618        0.148       -1.043       -0.223       -1.406        0.081        0.139        0.325

Covariance matrix of X (correlations below diagonal):

      45.244        7.439        4.783        5.217        0.611       -3.542       -3.206        0.567       -0.937       -3.570
       0.140       62.214       13.880        5.987       -3.304       -7.707       -6.856        0.257        0.590       -2.211
       0.111        0.274       41.383       31.364        6.194        3.775        4.786        4.799       -0.052        0.039
       0.135        0.132        0.850       32.929        6.420        2.477        2.420        6.138        1.422       -0.187
       0.023       -0.107        0.246        0.286       15.340       -4.552        9.096        5.053       -0.532       -1.616
      -0.065       -0.120        0.072        0.053       -0.142       66.534       -1.136       -2.654       -2.949       -0.881
      -0.116       -0.212        0.181        0.103        0.566       -0.034       16.851        3.017       -1.012       -0.528
       0.028        0.011        0.252        0.361        0.435       -0.110        0.248        8.791        0.446       -0.797
      -0.074        0.040       -0.004        0.131       -0.072       -0.192       -0.131        0.080        3.559        1.153
      -0.295       -0.156        0.003       -0.018       -0.229       -0.060       -0.071       -0.149        0.339        3.244
