Estimates, standard errors and convergence t-ratios

                                             Estimate   Standard   Convergence 
                                                          Error      t-ratio   
Network Dynamics 
   1. rate  constant mynet rate (period 1)    4.3364  (  4.0330  )   -0.2508   
   2. rate  constant mynet rate (period 2)    1.6765  (  3.9159  )    0.0475   
   3. eval  outdegree (density)              -3.0773  (  5.2894  )    0.3965   
   4. eval  reciprocity                       2.8996  (  0.9922  )    0.0369   
   5. creat 3-cycles                          2.5263  (  0.8146  )   -0.3101   
   6. creat myvcov ego                       -1.0214  (  3.4544  )    0.2015   
   7. creat int.  myvcov ego x 3-cycles       1.0645  ( 21.6598  )    0.2725   

Behavior Dynamics
   8. rate  rate alcohol (period 1)           2.1856  (  1.8973  )   -0.2452   
   9. rate  rate alcohol (period 2)           1.1774  (  0.6788  )   -0.0208   
  10. eval  behavior alcohol linear shape     0.2370  (  0.2137  )    0.2627   
  11. eval  behavior alcohol quadratic shape -0.1098  (  0.1710  )   -0.1420   

Total of 272 iteration steps.

Covariance matrix of estimates (correlations below diagonal)

      16.265       13.539       19.528        1.946       -2.386       12.345      -80.126        6.013        1.090       -0.297        0.374
       0.857       15.334       20.135        2.784       -2.688       12.983      -82.146        6.552        1.316       -0.371        0.327
       0.915        0.972       27.977        3.483       -3.499       18.115     -114.338        9.191        1.702       -0.509        0.462
       0.486        0.716        0.664        0.984       -0.630        2.364      -14.490        0.933        0.279       -0.052        0.028
      -0.726       -0.843       -0.812       -0.779        0.663       -2.292       14.380       -0.935       -0.200        0.048       -0.036
       0.886        0.960        0.991        0.690       -0.815       11.933      -74.337        6.008        1.062       -0.334        0.284
      -0.917       -0.968       -0.998       -0.674        0.815       -0.994      469.148      -37.659       -6.872        2.078       -1.866
       0.786        0.882        0.916        0.496       -0.605        0.917       -0.916        3.600        0.648       -0.217        0.183
       0.398        0.495        0.474        0.415       -0.362        0.453       -0.467        0.503        0.461       -0.024        0.068
      -0.345       -0.444       -0.451       -0.244        0.278       -0.452        0.449       -0.535       -0.166        0.046       -0.011
       0.542        0.489        0.511        0.166       -0.257        0.480       -0.504        0.563        0.588       -0.299        0.029

Derivative matrix of expected statistics X by parameters:

       1.456        0.000       -1.456       -1.013       -0.169        1.539        1.116       -0.823        0.000       -0.063       -0.892
       0.000        3.406       -2.902       -1.514        0.547        1.222        0.387        0.000       -0.378       -0.126       -0.013
      -0.800       -1.600       18.400        8.800        1.667        2.851        1.716        0.000        0.000        0.000        0.000
       0.800       -1.800       12.600       12.800        3.200        0.671        1.287        0.000        0.000        0.000        0.000
       1.960       -0.500        9.620        7.560        6.547        0.128       -1.050        0.000        0.000        0.000        0.000
      -1.400        0.000      -11.000       -9.200        0.200       13.487        3.379        0.000        0.000        0.000        0.000
      -0.340        0.160        2.020        0.360        0.333        3.208        1.457        0.000        0.000        0.000        0.000
       0.615        0.000        1.024        0.410       -0.341       -1.376        1.889        2.663        0.000        1.434        0.143
       0.000       -0.403       -3.623       -2.737       -0.376        0.489       -0.212        0.000        5.233        0.564       -3.486
       0.000        0.000        0.000        0.000        0.000        0.000        0.000        5.566        0.696       24.476        0.424
       0.000        0.000        0.000        0.000        0.000        0.000        0.000       -1.000       -4.000       -9.000       59.500

Covariance matrix of X (correlations below diagonal):

      22.898       -1.604        4.069       -0.718        2.420       -3.947       -2.678        0.739       -0.747       -5.029        7.897
      -0.114        8.694       -2.477       -1.509       -0.419       -0.070        0.580        0.648       -0.726       -1.180        1.324
       0.101       -0.100       70.964       57.658       18.289       -2.890       -1.621        4.930        1.082       -4.274       -0.936
      -0.020       -0.067        0.902       57.634       15.161       -2.058       -1.769        2.072        1.895       -1.258       -7.935
       0.180       -0.051        0.771        0.709        7.931        0.829       -0.274        3.340        0.776       -1.721        2.764
      -0.177       -0.005       -0.074       -0.058        0.063       21.661        4.473       -0.746       -0.777        1.172       -3.925
      -0.370        0.130       -0.127       -0.154       -0.064        0.636        2.282       -0.053        0.312        0.153        0.933
       0.056        0.079        0.211        0.098        0.428       -0.058       -0.013        7.691        1.387        2.017        2.974
      -0.054       -0.085        0.045        0.087        0.096       -0.058        0.072        0.174        8.302        2.302        1.869
      -0.219       -0.083       -0.106       -0.035       -0.127        0.052        0.021        0.152        0.167       23.013      -12.880
       0.210        0.057       -0.014       -0.133        0.125       -0.108        0.079        0.137        0.083       -0.342       61.502
Estimates, standard errors and convergence t-ratios

                                                                     Estimate   Standard   Convergence 
                                                                                  Error      t-ratio   
Network Dynamics 
   1. rate constant mynet rate (period 1)                             4.3572  ( 0.9702   )    0.0204   
   2. rate constant mynet rate (period 2)                             1.6211  ( 0.4579   )   -0.1181   
   3. eval outdegree (density)                                       -3.2255  ( 0.7296   )    0.3872   
   4. eval reciprocity                                                3.0630  ( 0.3895   )    0.1790   
   5. eval indegree - activity                                        0.2500  ( 0.3744   )    0.1978   
   6. eval myccov ego                                                -0.4382  ( 0.7618   )   -0.3745   
   7. eval i3. indegree - activity x myccov ego x alcohol similarity  0.3175  ( 1.8530   )    0.0414   

Behavior Dynamics
   8. rate rate alcohol (period 1)                                    2.2698  ( 1.5761   )   -0.1298   
   9. rate rate alcohol (period 2)                                    1.1897  ( 0.4381   )   -0.0228   
  10. eval behavior alcohol linear shape                              0.2365  ( 0.2993   )   -0.0923   
  11. eval behavior alcohol quadratic shape                          -0.1149  ( 0.0984   )   -0.0513   

Total of 335 iteration steps.

Covariance matrix of estimates (correlations below diagonal)

       0.941       -0.083        0.251       -0.043       -0.121        0.289        0.099        0.379        0.002       -0.080       -0.008
      -0.187        0.210       -0.031       -0.008       -0.017        0.002        0.418       -0.253       -0.041        0.045        0.007
       0.355       -0.093        0.532       -0.146       -0.243        0.443        0.045        0.793       -0.032       -0.103       -0.020
      -0.115       -0.047       -0.514        0.152        0.037       -0.088        0.114       -0.195        0.010        0.007        0.009
      -0.333       -0.100       -0.889        0.256        0.140       -0.208       -0.262       -0.247        0.026        0.030        0.007
       0.392        0.006        0.797       -0.298       -0.728        0.580        0.289        0.753       -0.116       -0.121       -0.009
       0.055        0.492        0.033        0.158       -0.378        0.205        3.433       -1.390       -0.216        0.243        0.029
       0.248       -0.350        0.689       -0.317       -0.419        0.627       -0.476        2.484       -0.002       -0.396       -0.042
       0.004       -0.206       -0.099        0.059        0.158       -0.348       -0.266       -0.002        0.192       -0.008       -0.002
      -0.277        0.330       -0.471        0.060        0.268       -0.529        0.439       -0.839       -0.062        0.090        0.006
      -0.080        0.150       -0.278        0.230        0.193       -0.124        0.157       -0.269       -0.036        0.192        0.010

Derivative matrix of expected statistics X by parameters:

       4.050        0.000       -0.633        0.000       -3.101       -1.086       -0.135        0.253        0.000        0.633       -1.709
       0.000        6.686       -1.135        0.000       -4.163       -0.194       -1.426        0.000       -0.378        1.388        0.139
       7.600        2.000       57.200       49.200      207.400       -6.777       -0.793        0.000        0.000        0.000        0.000
      -3.200       -0.800       20.800       26.000       74.000        1.080       -2.598        0.000        0.000        0.000        0.000
      21.200        2.400       78.000       63.600      318.800       -6.355        2.978        0.000        0.000        0.000        0.000
       1.000       -1.400      -10.000      -11.600      -42.200        7.735       -0.878        0.000        0.000        0.000        0.000
       1.400       -1.000        2.800        2.400       19.800       -1.528       -0.092        0.000        0.000        0.000        0.000
      -1.229        0.000       -4.507       -2.868       -5.531       -1.381        0.508        2.253        0.000        4.302        0.840
       0.000        0.644       -3.864       -2.576      -11.593        1.603       -1.039        0.000        5.797        3.220       -3.542
      -0.400        1.000        0.600       -0.400       -1.800        0.849        0.320        2.600        0.400       33.000       -7.500
      -1.600       -0.800        2.000        3.200        5.000       -0.304       -1.403        3.000       -4.600       -6.400       78.960

Covariance matrix of X (correlations below diagonal):

      23.969       -1.371        4.157       -3.963       19.759       -2.259        1.087       -1.124       -0.688        2.604       -7.009
      -0.092        9.296       -0.888       -2.483       -8.072       -1.534        1.396       -1.078        0.958        4.503       -1.111
       0.115       -0.039       54.572       44.626      185.358       -6.118        2.933       -1.197        2.175        7.905       -4.445
      -0.117       -0.118        0.872       47.982      154.361       -4.764        0.729       -1.764        4.280        1.393       -1.120
       0.149       -0.098        0.926        0.823      733.949      -22.991       13.203       -1.758        7.185       19.864       -2.289
      -0.173       -0.189       -0.310       -0.258       -0.318        7.119       -0.922       -0.671       -1.427       -5.429        5.943
       0.104        0.214        0.185        0.049        0.228       -0.161        4.582        0.083        0.576        0.237       -0.913
      -0.078       -0.121       -0.055       -0.087       -0.022       -0.086        0.013        8.567       -0.023       -2.181        3.234
      -0.053        0.119        0.112        0.235        0.101       -0.203        0.102       -0.003        6.915        2.274       -7.876
       0.094        0.262        0.190        0.036        0.130       -0.361        0.020       -0.132        0.153       31.765      -15.382
      -0.178       -0.045       -0.075       -0.020       -0.011        0.277       -0.053        0.138       -0.373       -0.340       64.474
Estimates, standard errors and convergence t-ratios

                                                     Estimate   Standard   Convergence 
                                                                  Error      t-ratio   
Network Dynamics 
   1. rate constant mynet rate (period 1)             4.2629  (  9.0629  )   -0.2891   
   2. rate constant mynet rate (period 2)             1.5761  (  0.9111  )    0.0885   
   3. eval outdegree (density)                       -2.7800  (  1.6644  )    0.1571   
   4. eval reciprocity                                3.1801  (  0.5065  )   -0.2645   

Behavior Dynamics
   5. rate rate alcohol (period 1)                    1.9755  ( 10.1703  )    0.0000   
   6. rate rate alcohol (period 2)                    1.0916  (  2.3025  )    0.1300   
   7. eval behavior alcohol linear shape             -0.5235  (  5.1561  )    0.1147   
   8. eval behavior alcohol quadratic shape          -0.3414  (  1.8193  )    0.1914   
   9. eval behavior alcohol indegree                  0.6248  (  4.4831  )    0.1532   
  10. eval behavior alcohol average alter             1.5930  ( 11.4638  )    0.1519   
  11. eval behavior alcohol indegree x average alter -0.4624  (  6.1733  )    0.2804   

Total of 365 iteration steps.

Covariance matrix of estimates (correlations below diagonal)

      82.136       -7.065       14.750       -1.800      -90.806      -19.029      -44.862      -15.743       39.383       96.251      -52.581
      -0.856        0.830       -1.303        0.148        8.031        1.580        3.952        1.379       -3.430       -8.330        4.578
       0.978       -0.859        2.770       -0.424      -16.429       -3.278       -7.872       -2.758        6.938       16.720       -9.215
      -0.392        0.320       -0.503        0.257        1.575        0.325        0.743        0.257       -0.707       -1.337        0.689
      -0.985        0.867       -0.971        0.306      103.435       20.733       49.995       17.533      -43.730     -107.384       59.298
      -0.912        0.753       -0.855        0.279        0.885        5.301       11.336        4.053       -9.794      -25.582       13.538
      -0.960        0.841       -0.917        0.284        0.953        0.955       26.586        9.274      -23.034      -57.955       31.214
      -0.955        0.832       -0.911        0.279        0.948        0.968        0.989        3.310       -8.020      -20.512       10.985
       0.969       -0.840        0.930       -0.312       -0.959       -0.949       -0.996       -0.983       20.099       49.801      -26.898
       0.926       -0.798        0.876       -0.230       -0.921       -0.969       -0.980       -0.983        0.969      131.419      -70.397
      -0.940        0.814       -0.897        0.220        0.944        0.952        0.981        0.978       -0.972       -0.995       38.110

Derivative matrix of expected statistics X by parameters:

       3.038        0.000       -2.278       -1.899       -0.949        0.000       -1.962       -0.323       -4.050       -1.928       -5.804
       0.000        7.822        1.514        1.766        0.000        1.262       -2.523       -3.532       -2.775       -2.131        0.898
       4.400        4.200       33.000       30.800        1.600       -1.000        4.200       -3.180        3.200       -1.353        2.807
       6.800        0.800       17.200       23.200        0.000       -2.200        3.000        1.900        1.800        3.115       10.308
       3.278        0.000        2.868        2.458        0.000        0.000        0.819       -4.015        2.049       -4.353       -8.621
       0.000        0.081       -0.725        0.322        0.000        5.233       -0.403       -0.845        0.322        1.176        3.759
       0.000        0.000        0.000        0.000        2.024       -0.759       19.480       -2.226       20.239        8.228       12.126
       0.000        0.000        0.000        0.000       -0.600       -1.800       -8.000       52.800       -6.000       20.090       31.472
       0.000        0.000        0.000        0.000        1.200        0.200       19.000        3.500       29.800       10.463       17.880
       0.000        0.000        0.000        0.000        1.265        1.138       -0.506       12.725       -2.467       11.813       22.282
       0.000        0.000        0.000        0.000        0.569        1.265       -3.605       18.107       -5.945       20.318       40.396

Covariance matrix of X (correlations below diagonal):

      17.224        1.637       -2.837       -7.045        0.429       -2.665        0.082        4.041        3.412        2.510       -3.513
       0.109       13.079        5.653        3.745       -0.429       -0.376        0.833       -2.467       -3.684       -1.924       -2.961
      -0.107        0.246       40.531       34.939       -0.571       -1.939        4.918       -2.243       -8.714       -3.532      -13.936
      -0.261        0.159        0.844       42.287       -0.408       -2.424        4.494        0.657      -10.410       -2.994      -11.211
       0.034       -0.039       -0.030       -0.021        9.224       -0.592        4.633        0.912        8.673       -1.437       -4.814
      -0.246       -0.040       -0.116       -0.142       -0.075        6.841       -2.120       -1.406        4.097       -1.228        4.651
       0.003        0.038        0.127        0.113        0.250       -0.133       37.276      -14.407       51.690       -0.140        5.693
       0.114       -0.080       -0.041        0.012        0.035       -0.063       -0.277       72.548       -6.957       16.408       14.280
       0.073       -0.091       -0.122       -0.143        0.254        0.139        0.754       -0.073      126.124        3.550       27.947
       0.124       -0.109       -0.113       -0.094       -0.097       -0.096       -0.005        0.394        0.065       23.927       47.461
      -0.069       -0.066       -0.177       -0.140       -0.128        0.144        0.075        0.136        0.201        0.785      152.673
Estimates, standard errors and convergence t-ratios

                                                                                                                      Estimate   Standard   Convergence 
                                                                                                                                   Error      t-ratio   
Network Dynamics 
   1. rate  constant mynet rate (period 1)                                                                             4.2384  (  1.9237  )    0.1537   
   2. rate  constant mynet rate (period 2)                                                                             1.5763  (  0.5161  )   -0.0705   
   3. eval  outdegree (density)                                                                                       -2.7898  (  0.4591  )    0.1103   
   4. eval  reciprocity                                                                                                3.1787  (  0.4392  )   -0.2266   

Behavior Dynamics
   5. rate  rate alcohol (period 1)                                                                                    1.7299  (  1.0099  )    0.1590   
   6. rate  rate alcohol (period 2)                                                                                    0.9909  (  0.5497  )    0.0284   
   7. eval  behavior alcohol linear shape                                                                              0.6235  (  0.9718  )   -0.0167   
   8. eval  behavior alcohol quadratic shape                                                                          -0.2943  (  0.6156  )    0.1565   
   9. endow dec. beh. alcohol outdegree                                                                                0.4236  (  2.1588  )   -0.1249   
  10. endow dec. beh. alcohol average alter                                                                           -4.0381  ( 10.5465  )   -0.2649   
  11. endow dec. beh. alcohol: effect from myccov                                                                     -0.5778  (  2.5861  )    0.1165   
  12. endow i3. dec. beh. alcohol average alter x dec. beh. alcohol outdegree x dec. beh. alcohol: effect from myccov  3.1441  ( 16.5827  )    0.0616   

Total of 370 iteration steps.

Covariance matrix of estimates (correlations below diagonal)

       3.701       -0.271        0.547       -0.441       -0.798       -0.046        0.572       -0.455        1.276       -8.173       -0.451       12.000
      -0.273        0.266       -0.090        0.071        0.144       -0.022       -0.005        0.114       -0.302        1.545       -0.157       -2.764
       0.619       -0.379        0.211       -0.180       -0.364       -0.031        0.229       -0.179        0.478       -3.438        0.050        5.418
      -0.522        0.315       -0.894        0.193        0.263       -0.005       -0.172        0.124       -0.301        2.303        0.021       -3.677
      -0.411        0.276       -0.785        0.594        1.020        0.160       -0.620        0.500       -1.440        9.463       -0.126      -15.400
      -0.044       -0.077       -0.123       -0.019        0.288        0.302       -0.303        0.118       -0.119        2.470       -0.053       -3.321
       0.306       -0.009        0.514       -0.402       -0.632       -0.567        0.944       -0.330        0.337       -6.705       -0.789        9.720
      -0.384        0.360       -0.633        0.460        0.805        0.350       -0.552        0.379       -1.035        5.857        0.280       -9.346
       0.307       -0.271        0.482       -0.317       -0.661       -0.100        0.161       -0.779        4.660      -17.735       -0.893       28.146
      -0.403        0.284       -0.710        0.497        0.888        0.426       -0.654        0.902       -0.779      111.229        3.386     -169.605
      -0.091       -0.118        0.042        0.019       -0.048       -0.037       -0.314        0.176       -0.160        0.124        6.688       -3.684
       0.376       -0.323        0.712       -0.505       -0.920       -0.364        0.603       -0.915        0.786       -0.970       -0.086      274.985

Derivative matrix of expected statistics X by parameters:

       3.228        0.000       -0.190       -1.266       -0.443        0.000       -0.316        0.222        0.253        0.638       -0.021       -0.051
       0.000        6.308       -0.505       -0.252        0.000        0.126       -1.640       -4.453       -0.505        1.117        1.133        0.799
      -6.200        1.400       44.800       44.400       -0.600        0.000       -0.200       -5.220        0.400       -2.167       -1.098        1.027
       3.400       -1.400       31.200       36.800        0.000        1.000        0.200       -2.780        1.000        0.210       -1.158       -1.000
      -1.639        0.000        7.375        4.097        5.326        0.000        0.819        0.082       -3.278       -1.625        1.725        3.548
       0.000       -0.805       -0.483        0.644        0.000        6.682        1.208       -0.845       -3.381       -1.742        0.783        0.180
       0.000        0.000        0.000        0.000        2.909        1.518       11.890        1.695        4.996        0.420        0.759        0.751
       0.000        0.000        0.000        0.000        0.400       -1.200       -2.800       40.120        2.200       -4.760       -2.540        2.553
       0.000        0.000        0.000        0.000        0.316       -0.190        4.301        0.430        4.427       -0.556        0.307        0.843
       0.000        0.000        0.000        0.000       -0.420       -0.240        1.180       -1.642        1.560        1.033       -0.088        0.163
       0.000        0.000        0.000        0.000        0.260        0.280        0.860        0.086        0.140       -0.003        0.969        0.427
       0.000        0.000        0.000        0.000       -0.020       -0.080       -0.180        0.382        0.000        0.279       -0.044        0.346

Covariance matrix of X (correlations below diagonal):

      25.767       -1.029        7.876        1.496       -2.219        1.263        0.084        1.061        0.326        0.606       -0.762        0.210
      -0.065        9.726       -3.144       -2.994        1.618       -1.635        1.880        2.629        1.428        1.239        0.334        0.191
       0.238       -0.154       42.614       38.260        1.443       -0.018       -5.492        8.724       -7.367       -6.171        1.018        2.571
       0.044       -0.143        0.874       44.989        2.581        0.410       -5.512       10.828       -7.482       -7.523        1.714        3.060
      -0.145        0.172        0.073        0.127        9.112       -2.692        3.672        5.502       -5.238       -3.796       -0.072        0.811
       0.088       -0.186       -0.001        0.022       -0.317        7.912       -0.606        0.054       -4.580       -3.647        0.099        0.503
       0.003        0.126       -0.176       -0.171        0.254       -0.045       22.973       -8.797       12.499        5.125       -1.779       -2.833
       0.021        0.083        0.131        0.159        0.179        0.002       -0.180      103.480      -13.215      -19.687       -1.885        5.680
       0.013        0.089       -0.220       -0.218       -0.338       -0.318        0.509       -0.253       26.276       11.696       -2.065       -3.457
       0.030        0.101       -0.241       -0.285       -0.320       -0.330        0.272       -0.492        0.581       15.447       -0.979       -5.048
      -0.075        0.054        0.078        0.128       -0.012        0.018       -0.186       -0.093       -0.202       -0.125        3.993        1.761
       0.020        0.029        0.188        0.218        0.128        0.085       -0.282        0.266       -0.322       -0.613        0.420        4.390
