Estimates, standard errors and convergence t-ratios

                                                   Estimate   Standard   Convergence 
                                                                Error      t-ratio   

Rate parameters: 
  0.1       Rate parameter cond. variable period 1  4.3935  ( 1.6505   )             
  0.2       Rate parameter cond. variable period 2  1.5039  ( 0.4692   )             

Other parameters: 
Network Dynamics 
  1.  eval  outdegree (density)                    -3.2598  ( 1.3708   )    0.2491   
  2.  eval  reciprocity                             3.0591  ( 1.8824   )   -0.1250   
  3.  creat 3-cycles                                2.7313  ( 2.0110   )   -0.1484   
  4.  creat myvcov ego                             -1.0451  ( 1.2558   )    0.3724   
  5.  creat int.  myvcov ego x 3-cycles             1.1118  ( 4.7563   )    0.5398   

Behavior Dynamics
  6.  rate  rate alcohol (period 1)                 2.9326  ( 0.9409   )    0.2818   
  7.  rate  rate alcohol (period 2)                 1.3310  ( 0.7931   )    0.0407   
  8.  eval  behavior alcohol linear shape           0.2674  ( 0.4454   )    0.1293   
  9.  eval  behavior alcohol quadratic shape       -0.0953  ( 0.1130   )   -0.0283   

Total of 220 iteration steps.

Covariance matrix of estimates (correlations below diagonal)

       1.879       -2.170       -2.626        1.628        6.330       -0.319        0.888        0.537       -0.016
      -0.841        3.543        2.768       -1.773       -7.275       -0.033       -2.853       -0.560       -0.045
      -0.953        0.731        4.044       -2.326       -8.749        0.724       -1.295       -0.785        0.026
       0.946       -0.750       -0.921        1.577        5.707       -0.194        2.472        0.478       -0.023
       0.971       -0.813       -0.915        0.955       22.623       -1.105        3.121        1.804       -0.076
      -0.247       -0.054        0.382       -0.480       -0.247        0.885       -1.105       -0.190        0.021
       0.817       -0.654       -0.812        0.849        0.827       -0.507        0.629        0.253       -0.009
       0.879       -0.668       -0.876        0.855        0.852       -0.155        2.091        0.198       -0.008
      -0.105       -0.209        0.113       -0.160       -0.142        0.200       -0.102       -0.163        0.013

Derivative matrix of expected statistics X by parameters:

      31.600       27.600       11.733      -11.917       -3.363       -4.000       -0.600       -5.400        1.860
       7.336        7.969        1.708        0.092        0.132        0.569        0.885       -0.190        3.902
       8.400        6.920        4.300        0.800       -0.858       -0.220        0.480        0.100        1.290
     -18.000      -10.400       -4.067        2.199       -2.193        4.000       -1.600       -3.200        2.080
       1.000        0.120        0.073        3.559        1.398        0.320        0.060       -0.060        1.194
      -6.797       -5.179       -3.237       -3.957       -1.625       12.785        0.000        5.341        6.684
      -1.532       -1.787        0.128       -2.727       -0.625        0.000        9.955        1.276       -1.149
       0.000        0.000        0.000        0.000        0.000        3.668        1.012       30.105        0.860
       0.000        0.000        0.000        0.000        0.000       -1.800        1.400      -18.000       86.200

Covariance matrix of X (correlations below diagonal):

      83.757       68.367       21.473       -7.068        0.707       -6.174       -0.524       12.122      -15.105
       0.933       64.041       17.660       -2.991        1.082       -4.184        1.673       13.449      -17.349
       0.791        0.744        8.791       -0.303        0.374       -1.872       -0.198        2.277       -4.174
      -0.164       -0.079       -0.022       22.268        4.744        0.339        1.651       -2.390       -2.476
       0.053        0.093        0.086        0.688        2.135        0.058        0.513        1.145       -0.456
      -0.161       -0.125       -0.151        0.017        0.009       17.538       -1.798        7.618        5.841
      -0.019        0.071       -0.023        0.119        0.119       -0.146        8.679        0.242       -1.814
       0.199        0.253        0.115       -0.076        0.118        0.273        0.012       44.245      -15.499
      -0.200       -0.263       -0.170       -0.064       -0.038        0.169       -0.075       -0.282       68.190
Estimates, standard errors and convergence t-ratios

                                                                     Estimate   Standard   Convergence 
                                                                                  Error      t-ratio   

Rate parameters: 
  0.1      Rate parameter cond. variable period 1                     4.0771  ( 1.1062   )             
  0.2      Rate parameter cond. variable period 2                     1.6857  ( 0.4619   )             

Other parameters: 
Network Dynamics 
  1.  eval outdegree (density)                                       -3.2265  ( 0.5131   )   -0.0978   
  2.  eval reciprocity                                                3.1308  ( 1.0784   )   -0.2135   
  3.  eval indegree - activity                                        0.2083  ( 0.1945   )   -0.3526   
  4.  eval myccov ego                                                -0.3977  ( 0.5406   )    0.1996   
  5.  eval i3. indegree - activity x myccov ego x alcohol similarity  0.2179  ( 1.3002   )   -0.2256   

Behavior Dynamics
  6.  rate rate alcohol (period 1)                                    2.3062  ( 1.7868   )    0.0961   
  7.  rate rate alcohol (period 2)                                    1.3688  ( 1.2287   )    0.3936   
  8.  eval behavior alcohol linear shape                              0.2630  ( 0.2840   )    0.2220   
  9.  eval behavior alcohol quadratic shape                          -0.1062  ( 0.2482   )    0.2622   

Total of 324 iteration steps.

Covariance matrix of estimates (correlations below diagonal)

       0.263       -0.476       -0.080        0.153       -0.440       -0.103       -0.437        0.064       -0.085
      -0.860        1.163        0.112       -0.414        0.978        0.251        2.391       -0.180        0.203
      -0.807        0.535        0.038       -0.024        0.106       -0.147        0.113       -0.004        0.016
       0.552       -0.710       -0.229        0.292       -0.497       -0.344       -1.121        0.085       -0.107
      -0.660        0.698        0.420       -0.707        1.690       -0.186        0.859       -0.083        0.226
      -0.112        0.315       -0.422       -0.860       -0.080        3.193        3.344       -0.499        0.307
      -0.694        0.746        0.473       -0.697        0.538        0.630        1.510       -0.166        0.250
       0.436       -0.588       -0.069        0.553       -0.225       -0.407       -1.148        0.081       -0.035
      -0.667        0.757        0.330       -0.798        0.700        0.692        0.821       -0.497        0.062

Derivative matrix of expected statistics X by parameters:

      38.000       22.400      101.400       -2.163        0.898       -2.600       -4.200        4.000      -12.000
      10.000        6.800       17.200        0.196       -1.513        2.000       -3.600        6.800       -4.920
      72.400       57.200      259.000        1.426        4.917       -2.800       -4.200        4.200       -9.980
       1.600       -9.200      -19.400       10.245        0.751        0.800       -1.000        4.600       -0.740
      -0.800       -5.200       -6.800        2.287        2.077        1.200       -1.800        1.400       -5.460
       7.768        2.589       16.184        3.766        2.910        2.589        0.000       10.358       -4.143
      -2.042       -6.126       -9.189       -0.658       -1.931        0.000        5.105        1.021      -10.108
      -2.400       -3.600      -12.400        0.493       -0.393        0.400       -0.400       28.000       -0.400
      -1.200       -0.400       -2.800        0.391        0.386       -2.200       -2.800       -8.600       63.140

Covariance matrix of X (correlations below diagonal):

      42.847       41.783      143.264       -6.503       -3.154       -1.629        5.081        1.371       -8.454
       0.896       50.704      153.236       -6.603       -3.372       -4.186        4.924       -3.396       -5.264
       0.914        0.899      572.904      -22.874       -6.255       -6.278       18.718       -1.200      -25.756
      -0.405       -0.378       -0.390        6.019       -0.224       -1.607       -0.312       -1.399        2.668
      -0.258       -0.254       -0.140       -0.049        3.479        0.481       -1.252       -0.484        2.192
      -0.063       -0.149       -0.066       -0.166        0.065       15.628       -4.272        5.573        2.339
       0.239        0.213        0.240       -0.039       -0.206       -0.332       10.573        0.829        0.530
       0.042       -0.096       -0.010       -0.115       -0.052        0.285        0.051       24.541       -1.681
      -0.185       -0.106       -0.154        0.156        0.168        0.085        0.023       -0.049       48.726
Estimates, standard errors and convergence t-ratios

                                                     Estimate   Standard   Convergence 
                                                                  Error      t-ratio   

Rate parameters: 
  0.1      Rate parameter cond. variable period 1     4.3050  ( 1.2616   )             
  0.2      Rate parameter cond. variable period 2     1.5310  ( 0.4783   )             

Other parameters: 
Network Dynamics 
  1.  eval outdegree (density)                       -2.9134  ( 0.4332   )   -0.1703   
  2.  eval reciprocity                                3.3003  ( 0.3982   )   -0.5699   

Behavior Dynamics
  3.  rate rate alcohol (period 1)                    2.4795  ( 1.7123   )    0.1485   
  4.  rate rate alcohol (period 2)                    1.1901  ( 0.6133   )    0.0834   
  5.  eval behavior alcohol linear shape             -0.3714  ( 1.8892   )    0.2814   
  6.  eval behavior alcohol quadratic shape          -0.2744  ( 0.3293   )   -0.1359   
  7.  eval behavior alcohol indegree                  0.5179  ( 1.6760   )    0.2105   
  8.  eval behavior alcohol average alter             1.0389  ( 2.9561   )   -0.2321   
  9.  eval behavior alcohol indegree x average alter -0.2407  ( 1.4428   )    0.0211   

Total of 286 iteration steps.

Covariance matrix of estimates (correlations below diagonal)

       0.188       -0.147       -0.530        0.037        0.690        0.122       -0.594       -1.085        0.505
      -0.855        0.159        0.185        0.012       -0.641       -0.108        0.569        0.910       -0.402
      -0.714        0.764        2.932       -0.090       -2.926       -0.413        2.591        4.112       -1.775
       0.138        0.017       -0.030        0.376        0.141        0.019       -0.079       -0.278        0.157
       0.843       -0.852       -0.904        0.122        3.569        0.561       -3.125       -5.111        2.295
       0.855       -0.823       -0.261        0.268        0.902        0.108       -0.481       -0.855        0.381
      -0.818        0.852        0.903       -0.077       -0.987       -0.872        2.809        4.380       -1.938
      -0.848        0.773        0.289       -0.431       -0.915       -0.878        0.884        8.739       -4.157
       0.808       -0.700       -0.719        0.177        0.842        0.802       -0.802       -0.975        2.082

Derivative matrix of expected statistics X by parameters:

      30.800       22.400       -9.000       -5.000        1.200      -15.880        4.400       -3.877      -17.475
      27.600       29.600       -1.200       -1.000        4.600        6.860        2.200        6.307       12.515
       0.000       -6.474       12.300        0.000       14.889      -23.111       -2.589      -18.110      -50.202
      -6.126      -11.231        0.000       14.295       -3.063       -6.433        1.021       -3.152        4.748
       0.000        0.000        2.800        0.000       24.800       -7.920       24.200        2.817        8.030
       0.000        0.000       -2.200       -0.400      -16.200       71.580      -15.000       26.788       50.065
       0.000        0.000        5.000       -0.200       24.000       -1.600       34.000        5.952       14.627
       0.000        0.000       -5.400       -0.800       -4.600       10.740      -11.400       13.183       26.057
       0.000        0.000       -3.400       -2.000       -7.400       18.060      -14.800       22.225       47.033

Covariance matrix of X (correlations below diagonal):

      40.198       26.748        2.994       -2.753        7.246        1.399       18.032        1.791        9.302
       0.847       24.831        1.113       -2.209        3.427        1.566       10.120        4.884       10.551
       0.103        0.049       20.957        1.622       15.983        9.438       27.087        7.849       21.064
      -0.129       -0.132        0.106       11.267        7.354       -6.584        9.960        2.753       11.509
       0.183        0.110        0.558        0.350       39.125       -0.187       53.953       13.593       32.155
       0.028        0.040        0.263       -0.251       -0.004       61.268        3.083       21.105       48.922
       0.280        0.200        0.582        0.292        0.848        0.039      103.388       15.399       53.623
       0.045        0.157        0.276        0.132        0.349        0.433        0.243       38.731       75.935
       0.104        0.151        0.327        0.244        0.365        0.444        0.375        0.867      197.847
Estimates, standard errors and convergence t-ratios

                                                                                                                      Estimate   Standard   Convergence 
                                                                                                                                   Error      t-ratio   

Rate parameters: 
  0.1       Rate parameter cond. variable period 1                                                                     3.8743  (  1.0968  )             
  0.2       Rate parameter cond. variable period 2                                                                     1.6162  (  0.4433  )             

Other parameters: 
Network Dynamics 
   1. eval  outdegree (density)                                                                                       -3.0163  (  0.2548  )    0.2202   
   2. eval  reciprocity                                                                                                3.5048  (  0.3986  )    0.0831   

Behavior Dynamics
   3. rate  rate alcohol (period 1)                                                                                    1.7481  (  0.8857  )   -0.1217   
   4. rate  rate alcohol (period 2)                                                                                    1.1394  (  1.5980  )    0.1926   
   5. eval  behavior alcohol linear shape                                                                              0.5852  (  1.8358  )    0.2322   
   6. eval  behavior alcohol quadratic shape                                                                          -0.3033  (  0.4294  )    0.0251   
   7. endow dec. beh. alcohol outdegree                                                                                0.5240  (  2.3708  )    0.1589   
   8. endow dec. beh. alcohol average alter                                                                           -3.8525  ( 14.9211  )   -0.0430   
   9. endow dec. beh. alcohol: effect from myccov                                                                     -0.6684  (  2.6962  )    0.0052   
  10. endow i3. dec. beh. alcohol average alter x dec. beh. alcohol outdegree x dec. beh. alcohol: effect from myccov  3.0763  ( 16.8595  )    0.1284   

Total of 369 iteration steps.

Covariance matrix of estimates (correlations below diagonal)

       0.065       -0.074       -0.007        0.288       -0.090        0.002       -0.197        1.108        0.088        0.350
      -0.727        0.159       -0.004       -0.169        0.081        0.000        0.203       -0.998       -0.064        0.060
      -0.030       -0.029        0.784        1.414       -0.777        0.103       -0.742        5.910        0.796       -4.225
       0.295       -0.265        0.174        2.553       -2.313        0.429       -2.020       18.045        1.656      -15.581
      -0.193        0.111       -0.478       -1.890        3.370       -0.619        2.770      -24.767       -3.423       24.933
       0.016        0.000        0.113        0.625       -0.785        0.184       -0.553        4.367        0.473       -6.286
      -0.326        0.215       -0.353       -1.278        0.636       -0.544        5.621      -30.558       -3.490       19.934
       0.291       -0.168        0.187        0.757       -0.904        0.682       -0.864      222.640       27.073     -169.221
       0.127       -0.060        0.333        0.922       -0.691        0.408       -0.546        0.673        7.269      -23.384
       0.082        0.009       -0.118       -0.578        0.806       -0.868        0.499       -0.673       -0.514      284.241

Derivative matrix of expected statistics X by parameters:

      34.800       30.000        1.200       -5.000        3.800        6.780        3.600       -3.260       -0.377       -3.452
      21.630       24.286        1.202       -0.632        0.822        1.980        0.885       -0.837        0.265       -0.309
       0.971       -2.913       20.230        0.000        5.341       17.689      -11.329       -9.546        0.253        1.662
       0.766        0.255        0.000        6.509        1.404        0.396       -2.680       -0.940        1.160        0.268
       0.000        0.000        2.467        1.581       10.752        5.123        4.870       -0.239        0.904       -0.558
       0.000        0.000        3.000       -1.200       -4.200       42.380       -2.600       -7.593        0.920        1.908
       0.000        0.000        0.190       -0.506        4.111        0.538        4.680       -0.648       -0.017        0.137
       0.000        0.000        0.020       -0.320        1.340        0.214        1.400        0.198       -0.081        0.068
       0.000        0.000        0.100        0.280        0.140        0.374       -0.240       -0.466        1.118        0.239
       0.000        0.000       -0.080       -0.040       -0.440        0.716       -0.240       -0.181        0.050        0.223

Covariance matrix of X (correlations below diagonal):

      42.782       40.810       -4.152       -7.373       -5.598       13.876        5.308       -0.131        0.190        2.758
       0.926       45.394       -4.909       -7.280       -4.238        9.548        6.733       -0.152        0.329        2.167
      -0.161       -0.185       15.561        2.118        1.417       12.894      -11.926       -6.534        0.112        1.262
      -0.293       -0.281        0.140       14.768        3.832        1.027       -7.629       -4.436        0.597       -0.201
      -0.188       -0.138        0.079        0.218       20.833      -11.720       11.825        3.260       -1.045       -1.972
       0.236        0.157        0.363        0.030       -0.285       81.106      -18.719      -13.712       -1.657        5.490
       0.150        0.185       -0.558       -0.367        0.479       -0.384       29.307       10.431       -2.215       -2.417
      -0.006       -0.007       -0.500       -0.348        0.216       -0.460        0.582       10.976       -1.645       -2.548
       0.015        0.024        0.014        0.078       -0.114       -0.092       -0.204       -0.248        4.015        1.707
       0.207        0.158        0.157       -0.026       -0.212        0.300       -0.219       -0.378        0.419        4.143
