Estimates, standard errors and convergence t-ratios

                                                   Estimate   Standard   Convergence 
                                                                Error      t-ratio   

Rate parameters: 
  0.1       Rate parameter cond. variable period 1  1.9831  ( 0.6751   )             
  0.2       Rate parameter cond. variable period 2  1.0576  ( 0.4361   )             

Other parameters: 
Network Dynamics 
  1.  rate  constant mynet rate (period 1)          4.4932  ( 4.1773   )    0.1332   
  2.  rate  constant mynet rate (period 2)          1.6329  ( 1.0946   )   -0.0819   
  3.  eval  outdegree (density)                    -3.0611  ( 0.3101   )    0.1342   
  4.  eval  reciprocity                             2.8729  ( 0.5556   )   -0.2669   
  5.  creat 3-cycles                                2.6123  ( 0.6167   )   -0.1299   
  6.  creat myvcov ego                             -0.9456  ( 0.5872   )    0.2910   
  7.  creat int.  myvcov ego x 3-cycles             0.9200  ( 2.6295   )    0.2535   

Behavior Dynamics
  8.  eval  behavior alcohol linear shape           0.2601  ( 0.2466   )   -0.0073   
  9.  eval  behavior alcohol quadratic shape       -0.1022  ( 0.1091   )    0.2295   

Total of 270 iteration steps.

Covariance matrix of estimates (correlations below diagonal)

      17.450       -0.369        0.517        0.857       -2.175       -1.385        8.574        0.074        0.036
      -0.043        1.198       -0.102        0.084        0.100        0.150       -0.031        0.057        0.016
       0.399       -0.302        0.096       -0.068       -0.071       -0.135        0.452       -0.001        0.000
       0.197        0.259       -0.397        0.309       -0.125        0.015        0.334       -0.032        0.005
      -0.844        0.148       -0.370       -0.365        0.380        0.170       -0.857        0.011       -0.013
      -0.301        0.437       -0.740        0.046        0.470        0.345       -1.209       -0.001       -0.002
       0.781       -0.011        0.554        0.228       -0.528       -0.783        6.914        0.115        0.027
       0.038        0.397       -0.015       -0.234        0.070       -0.004        0.177        0.061        0.000
       0.079        0.138        0.006        0.081       -0.197       -0.032        0.095       -0.006        0.012

Derivative matrix of expected statistics X by parameters:

       4.264        0.000       -0.433       -0.247        2.101       -0.860       -1.168        0.247       -0.470
       0.000        5.720       -0.235        0.313        0.026       -2.966       -0.312       -0.470       -0.674
      -1.400       -1.600       30.600       30.400        5.533       -6.046       -3.544        0.000        0.000
      -4.200       -2.400       16.200       21.600        4.800       -3.114       -0.907        0.000        0.000
       2.220       -0.280       13.620       11.600        9.200       -2.116       -2.531        0.000        0.000
       2.000       -0.400        3.200        3.200       -0.533       11.502        1.614        0.000        0.000
       0.020        0.440        0.940       -0.080       -0.240        2.618        1.242        0.000        0.000
      -2.000       -3.800        0.600        4.400        0.200        1.744        0.218       22.000       -7.400
      -4.000        2.800        2.400        6.000        1.467       -3.167       -0.867       -9.200       75.080

Covariance matrix of X (correlations below diagonal):

      41.715       -0.089       -5.601       -7.008        5.675        1.153        0.917        8.076       -8.877
      -0.003       17.249        0.701        1.931        1.779       -0.725        1.644        1.904        6.081
      -0.108        0.021       64.810       59.690       20.130       -5.086        1.353       -5.997       -2.307
      -0.132        0.056        0.899       67.959       19.669       -3.177        1.366       -7.845        2.954
       0.272        0.132        0.773        0.738       10.462       -0.074        0.423        0.854       -4.752
       0.046       -0.045       -0.162       -0.099       -0.006       15.239        2.046        6.552       -5.016
       0.112        0.312        0.132        0.131        0.103        0.413        1.610        2.031        0.524
       0.227        0.083       -0.135       -0.173        0.048        0.305        0.291       30.284      -19.832
      -0.165        0.175       -0.034        0.043       -0.176       -0.154        0.050       -0.432       69.683
Estimates, standard errors and convergence t-ratios

                                                                     Estimate   Standard   Convergence 
                                                                                  Error      t-ratio   

Rate parameters: 
  0.1      Rate parameter cond. variable period 1                     1.9550  (  0.7270  )             
  0.2      Rate parameter cond. variable period 2                     1.0512  (  0.4658  )             

Other parameters: 
Network Dynamics 
  1.  rate constant mynet rate (period 1)                             4.1958  ( 28.7169  )   -0.1187   
  2.  rate constant mynet rate (period 2)                             1.6216  (  2.2594  )   -0.0415   
  3.  eval outdegree (density)                                       -3.0695  (  6.7263  )   -0.0404   
  4.  eval reciprocity                                                2.8339  (  0.9797  )   -0.5244   
  5.  eval indegree - activity                                        0.2301  (  4.0117  )   -0.4359   
  6.  eval myccov ego                                                -0.4315  ( 13.2039  )   -0.0399   
  7.  eval i3. indegree - activity x myccov ego x alcohol similarity  0.4148  ( 14.7731  )    0.0064   

Behavior Dynamics
  8.  eval behavior alcohol linear shape                              0.2532  (  0.3234  )    0.0000   
  9.  eval behavior alcohol quadratic shape                          -0.1082  (  0.3917  )   -0.2804   

Total of 324 iteration steps.

Covariance matrix of estimates (correlations below diagonal)

     824.660      -41.343      191.547       17.175     -114.911     -378.590      422.884        7.745       10.909
      -0.343        5.105       -9.593       -0.881        5.764       19.118      -21.458       -0.405       -0.508
       0.992       -0.631       45.243        3.454      -26.906      -87.935       98.161        1.749        2.522
       0.328       -0.740        0.524        0.960       -2.301       -8.176        9.227        0.219        0.233
      -0.997        0.636       -0.997       -0.586       16.094       52.839      -59.036       -1.070       -1.516
      -0.537        1.192       -0.990       -0.632        0.998      174.344     -194.870       -3.580       -4.997
       0.997       -0.643        0.988        0.638       -0.996       -0.999      218.246        4.006        5.572
       0.448       -1.031        0.804        0.691       -0.825       -0.838        0.838        0.105        0.101
       0.970       -0.574        0.957        0.608       -0.965       -0.966        0.963        0.801        0.153

Derivative matrix of expected statistics X by parameters:

       9.083        0.000        0.927        1.854        5.994        0.207       -0.482       -0.124       -1.990
       0.000        6.425        1.410        0.627        4.466       -1.420        0.356        1.724       -0.298
       5.800       -0.200       54.000       51.200      187.800       -6.076       -0.155        0.000        0.000
       5.400        0.000       31.800       34.800      107.000       -7.104       -1.324        0.000        0.000
      17.400       -0.200       96.000       86.000      373.800       -8.786        3.407        0.000        0.000
       9.800       -2.400        3.000        8.800        2.200        3.097       -0.096        0.000        0.000
       2.000       -1.400        2.200        4.800        8.400        2.865        1.502        0.000        0.000
      -4.400       -5.200        5.200        1.600       10.400        3.180       -0.151       27.600        5.560
      -3.200       -4.600        8.600        5.200       22.800        3.241        1.748       -8.800       72.720

Covariance matrix of X (correlations below diagonal):

      47.702       -2.715        4.773       -2.444       12.402       -0.618        2.100       -3.347        5.651
      -0.074       28.134        2.275        1.123        6.860       -6.872       -2.408       -1.837       12.120
       0.087        0.054       62.834       43.923      170.668      -13.672        2.358        4.612        5.385
      -0.055        0.033        0.865       41.051      129.399       -9.484        1.568        6.204        2.527
       0.078        0.056        0.931        0.873      534.687      -42.944        6.616       18.286       14.611
      -0.026       -0.382       -0.509       -0.437       -0.548       11.475        0.365       -2.264       -4.808
       0.195       -0.291        0.190        0.157        0.183        0.069        2.439       -0.099        0.468
      -0.098       -0.070        0.117        0.195        0.159       -0.135       -0.013       24.653        1.486
       0.119        0.334        0.099        0.058        0.092       -0.207        0.044        0.044       46.901
Estimates, standard errors and convergence t-ratios

                                                     Estimate   Standard   Convergence 
                                                                  Error      t-ratio   

Rate parameters: 
  0.1      Rate parameter cond. variable period 1     1.8982  ( 0.6326   )             
  0.2      Rate parameter cond. variable period 2     1.1471  ( 0.4927   )             

Other parameters: 
Network Dynamics 
  1.  rate constant mynet rate (period 1)             4.1984  ( 2.1391   )   -0.0471   
  2.  rate constant mynet rate (period 2)             1.8625  ( 1.8157   )    0.0935   
  3.  eval outdegree (density)                       -2.8448  ( 0.3352   )    0.2436   
  4.  eval reciprocity                                3.2458  ( 0.4318   )    0.0170   

Behavior Dynamics
  5.  eval behavior alcohol linear shape             -0.3123  ( 0.7955   )    0.1810   
  6.  eval behavior alcohol quadratic shape          -0.2583  ( 0.2862   )   -0.2328   
  7.  eval behavior alcohol indegree                  0.4932  ( 0.8648   )    0.1289   
  8.  eval behavior alcohol average alter             0.8168  ( 1.3417   )   -0.2014   
  9.  eval behavior alcohol indegree x average alter -0.0989  ( 1.1546   )   -0.0679   

Total of 324 iteration steps.

Covariance matrix of estimates (correlations below diagonal)

       4.576        0.658       -0.378        0.446       -0.653       -0.302        0.875        0.177        0.854
       0.102        3.297        0.071        0.035       -0.024       -0.063        0.133       -0.965        0.925
      -0.528        0.117        0.112       -0.112        0.120        0.051       -0.133       -0.263        0.067
       0.292        0.073       -0.774        0.186       -0.058       -0.044        0.073        0.279       -0.113
      -0.384       -0.016        0.450       -0.170        0.633        0.172       -0.655       -0.171       -0.311
      -0.298       -0.200        0.529       -0.356        0.757        0.082       -0.196       -0.029       -0.153
       0.473        0.085       -0.458        0.196       -0.952       -0.790        0.748        0.047        0.470
       0.037       -0.655       -0.584        0.482       -0.160       -0.077        0.040        1.800       -1.184
       0.346        0.441        0.173       -0.226       -0.338       -0.463        0.471       -0.764        1.333

Derivative matrix of expected statistics X by parameters:

       7.538        0.000       -0.618       -0.371       -0.247       -2.002       -2.224       -2.260       -8.220
       0.000        4.779       -1.959       -2.507        0.784        0.548        0.157        0.129        0.104
      14.600       -0.600       36.000       31.600       14.800       -3.320       24.000        8.580       13.913
      -6.400        0.600       24.200       28.400        5.600       10.560        7.200        8.508       18.067
      -0.400       -5.800       -5.800       -6.000       18.400       -1.760       21.400        6.810        3.358
      -5.200       -2.800        0.000       -2.000      -11.200       55.280       -6.400       15.578       14.655
      -2.600       -6.000       -2.600       -2.400       18.400        2.240       31.200        1.002       -3.177
       2.600        1.000        1.600        0.400        0.800        9.280        3.200       13.655       20.545
       1.600       -2.000        0.800        0.800       -2.000       16.600       -1.600       17.738       31.023

Covariance matrix of X (correlations below diagonal):

      52.188       -1.548       -5.867       -4.979        6.156        6.153        3.484       14.142       11.485
      -0.042       26.377        4.104        5.247        1.264        5.207       -5.965        7.437       11.613
      -0.122        0.120       44.240       41.965        5.785       -2.457        7.555        3.764        5.866
      -0.098        0.145        0.896       49.536       10.173       -1.100       16.055        7.821       15.478
       0.168        0.048        0.171        0.284       25.830       -1.706       34.896       10.359       20.483
       0.102        0.121       -0.044       -0.019       -0.040       70.011        0.641       37.099       51.365
       0.051       -0.123        0.120        0.241        0.726        0.008       89.563       12.590       42.934
       0.266        0.197        0.077        0.151        0.277        0.603        0.181       54.004       85.566
       0.120        0.171        0.067        0.167        0.305        0.465        0.344        0.882      174.404
Estimates, standard errors and convergence t-ratios

                                                                                                                      Estimate   Standard   Convergence 
                                                                                                                                   Error      t-ratio   

Rate parameters: 
  0.1       Rate parameter cond. variable period 1                                                                     2.2627  ( 0.8615   )             
  0.2       Rate parameter cond. variable period 2                                                                     1.1447  ( 0.4289   )             

Other parameters: 
Network Dynamics 
   1. rate  constant mynet rate (period 1)                                                                             4.7778  ( 4.0911   )    0.0314   
   2. rate  constant mynet rate (period 2)                                                                             1.7219  ( 1.0545   )   -0.0863   
   3. eval  outdegree (density)                                                                                       -2.7576  ( 0.5442   )    0.2572   
   4. eval  reciprocity                                                                                                3.1117  ( 0.9184   )    0.0343   

Behavior Dynamics
   5. eval  behavior alcohol linear shape                                                                              0.1853  ( 0.4342   )    0.0000   
   6. eval  behavior alcohol quadratic shape                                                                          -0.1020  ( 0.1381   )    0.2528   
   7. endow dec. beh. alcohol outdegree                                                                                0.1110  ( 0.6869   )    0.0233   
   8. endow dec. beh. alcohol average alter                                                                            0.0000  (     NA   )    1.5920   
   9. endow dec. beh. alcohol: effect from myccov                                                                      0.0453  ( 0.9722   )   -0.0183   
  10. endow i3. dec. beh. alcohol average alter x dec. beh. alcohol outdegree x dec. beh. alcohol: effect from myccov  0.0000  (     NA   )   -1.4610   

Total of 349 iteration steps.

Covariance matrix of estimates (correlations below diagonal)

      16.737        2.328        0.044        0.938        0.960        0.204       -1.075      135.006        1.302      135.006
       0.138        1.112       -0.217        0.507        0.162        0.079       -0.167       34.799        0.466       34.799
       0.020       -0.746        0.296       -0.408       -0.058       -0.028       -0.011       17.957       -0.177       17.957
       0.126        0.523       -0.815        0.843        0.190        0.067       -0.171       30.307        0.470       30.307
       0.540        0.701       -0.243        0.476        0.189        0.031       -0.240       14.328        0.207       14.328
       0.183        0.545       -0.369        0.527        0.515        0.019       -0.025        4.557        0.028        4.557
      -0.383       -0.457       -0.030       -0.271       -0.804       -0.266        0.472       22.667       -0.253       22.667
       1.044        0.539        0.833        0.781        2.338       30.929        0.827      999.000       22.667      124.915
       0.327        0.898       -0.334        0.527        0.490        0.205       -0.379        1.044        0.945       32.082
       0.269        0.909        0.265      112.547      238.057        7.972        1.396        1.888      106.322      999.000

Derivative matrix of expected statistics X by parameters:

       3.924        0.000       -2.379       -2.286       -0.371       -1.211       -0.741       -0.385        0.044        0.263
       0.000        5.406        0.705       -0.313        0.470       -2.930       -0.157       -0.343        0.154        0.118
       6.800        2.200       23.400       14.800        1.200       -0.280        1.600       -1.203       -0.233       -0.068
       4.400        0.000       15.200       14.400        0.800       -0.720        1.400        0.230       -0.231       -0.512
      -8.400       -0.400       -2.400       -2.800       22.400      -13.760       15.800       -6.477       -0.302        0.607
       3.800       -2.800        0.200       -6.400      -10.400       70.960       -2.800       -0.660       -2.412        3.553
       0.800        1.400        1.800       -0.800       11.600       -7.240       12.800       -6.407        0.355       -1.199
       4.600       -0.400       -1.800       -4.400        1.600        2.160        0.600        1.653       -0.335       -0.396
      -0.500       -0.740        0.640        0.080       -1.200        1.160       -0.500       -0.099        2.243        0.537
       2.277       -0.316        0.696        0.253       -0.379       -1.556       -0.253       -0.863        0.261        0.800

Covariance matrix of X (correlations below diagonal):

      48.991        6.326        4.787       -4.054       -0.735       -2.446       -4.945       -2.113        1.346       -0.578
       0.217       17.419        7.010        2.333        0.939        1.423        0.942       -1.700        1.405        0.544
       0.095        0.232       52.286       44.075       -8.367       11.508       -5.024        1.996        2.647       -1.735
      -0.083        0.080        0.870       49.084       -4.816       11.149       -3.703        1.530        3.607       -0.998
      -0.022        0.046       -0.238       -0.141       23.673       -7.184       19.755       -7.058        0.551        1.116
      -0.048        0.047        0.219        0.219       -0.203       52.994       -5.678        5.456       -2.847        1.032
      -0.137        0.044       -0.135       -0.103        0.788       -0.151       26.557       -2.901       -0.563        0.710
      -0.104       -0.140        0.095        0.075       -0.498        0.257       -0.193        8.498       -0.681       -0.536
       0.094        0.165        0.179        0.252        0.055       -0.191       -0.053       -0.114        4.181       -0.258
      -0.066        0.105       -0.193       -0.114        0.184        0.114        0.111       -0.148       -0.101        1.551
