Estimates, standard errors and convergence t-ratios

                                             Estimate   Standard   Convergence 
                                                          Error      t-ratio   
Network Dynamics 
   1. rate  constant mynetml rate (period 1)  3.5636  (  0.4403  )    1.5327   
   2. rate  constant mynetml rate (period 2)  2.0165  (  0.2535  )   -0.2397   
   3. eval  outdegree (density)              -2.7097  ( 31.6070  )    1.0135   
   4. eval  reciprocity                       2.6825  (  0.1241  )   -0.3526   
   5. creat 3-cycles                          0.4614  ( 31.6070  )   -0.1841   
   6. creat myvcovml ego                     -0.1209  ( 31.6070  )   -1.0625   
   7. creat int.  myvcovml ego x 3-cycles    -2.5471  (  0.5249  )    0.0879   

Behavior Dynamics
   8. rate  rate mybehml (period 1)           1.7181  (  0.3906  )    0.2826   
   9. rate  rate mybehml (period 2)           0.9853  (  0.2591  )   -0.0922   
  10. eval  behavior mybehml linear shape     0.3204  (  0.1932  )   -1.2282   
  11. eval  behavior mybehml quadratic shape -0.0543  (  0.0759  )    0.2848   

Total of 335 iteration steps.

Covariance matrix of estimates (correlations below diagonal)

       0.194        0.064       14.531        0.077       14.531       14.531        0.052       -0.008       -0.009       -0.007       -0.019
       0.572        0.064        8.365        0.008        8.365        8.365        0.185       -0.015       -0.009        0.014        0.000
       1.044        0.511      999.000        6.376      137.342      137.342       12.888        2.505     3267.000     3267.000        8.550
       1.401        0.265        1.044        0.015        4.094        4.094       -0.194        0.012        0.013        0.002        0.029
       0.601      407.772        1.888        0.639      999.000     1886.203        8.550       14.531        4.094       17.321        6.376
     234.742      407.772        0.137        3.706        0.137      999.000        6.376        8.365     3267.000       12.888        2.505
       0.225        1.387        1.044       -2.976        1.044        1.044        0.276        0.066       -0.006       -0.007        0.024
      -0.049       -0.147        1.044        0.243        1.044        1.044        0.323        0.153       -0.001        0.007       -0.006
      -0.079       -0.131        1.044        0.400        1.044        1.044       -0.044       -0.012        0.067       -0.001       -0.001
      -0.079        0.290        1.044        0.094        1.044        1.044       -0.068        0.091       -0.026        0.037        0.000
      -0.576       -0.025        1.044        3.118        1.044        1.044        0.599       -0.218       -0.072       -0.026        0.006

Derivative matrix of expected statistics X by parameters:

       4.966        0.000        0.000        0.000        0.000        0.000        0.000        0.000        0.000        0.000        0.000
       0.000       10.309        0.000        0.000        0.000        0.000        0.000        0.000        0.000        0.000        0.000
       0.000        0.000       46.751       19.246        5.631       -2.301       -3.108        0.000        0.000        0.000        0.000
       0.000        0.000       19.246       17.200        3.139        0.293       -0.570        0.000        0.000        0.000        0.000
       0.000        0.000        5.631        3.139        5.658       -1.674       -1.837        0.000        0.000        0.000        0.000
       0.000        0.000       -2.301        0.293       -1.674       14.586        2.529        0.000        0.000        0.000        0.000
       0.000        0.000       -3.108       -0.570       -1.837        2.529        3.418        0.000        0.000        0.000        0.000
       0.000        0.000        0.000        0.000        0.000        0.000        0.000       11.267        0.000        0.000        0.000
       0.000        0.000        0.000        0.000        0.000        0.000        0.000        0.000       20.517        0.000        0.000
       0.000        0.000        0.000        0.000        0.000        0.000        0.000        0.000        0.000       27.136       -1.471
       0.000        0.000        0.000        0.000        0.000        0.000        0.000        0.000        0.000       -1.471       86.747

Covariance matrix of X (correlations below diagonal):

       2.261       -1.717        2.296        0.151       -0.824        2.351        1.119       -0.373       -0.132        1.138        3.254
      -0.347       10.809       -2.841       -1.001        3.061       -4.667       -2.984        1.473       -0.445       -2.427       -4.117
       0.348       -0.197       19.205        4.389        4.528        3.931       -1.460        1.169        1.571        1.336        9.804
       0.059       -0.178        0.587        2.915        1.514        0.059       -0.672       -0.371        1.022       -0.157        1.931
      -0.252        0.429        0.476        0.408        4.713       -1.454       -3.072        0.474        0.177       -1.629        0.537
       0.466       -0.423        0.267        0.010       -0.199       11.272        2.618       -0.818        0.091        2.363        9.131
       0.438       -0.534       -0.196       -0.231       -0.832        0.459        2.889       -0.654       -0.379        1.476        1.490
      -0.109        0.197        0.118       -0.096        0.096       -0.107       -0.170        5.155        0.133        0.357       -0.638
      -0.038       -0.058        0.153        0.255        0.035        0.012       -0.095        0.025        5.500       -0.357        0.389
       0.501       -0.489        0.202       -0.061       -0.497        0.466        0.575        0.104       -0.101        2.279        3.148
       0.575       -0.333        0.594        0.300        0.066        0.722        0.233       -0.075        0.044        0.554       14.172
Estimates, standard errors and convergence t-ratios

                                                                       Estimate   Standard   Convergence 
                                                                                    Error      t-ratio   
Network Dynamics 
   1. rate constant mynetml rate (period 1)                             4.0304  ( 0.5675   )    1.3407   
   2. rate constant mynetml rate (period 2)                             1.4572  ( 0.3828   )   -0.0592   
   3. eval outdegree (density)                                         -2.6750  ( 0.2025   )    1.6111   
   4. eval reciprocity                                                  2.8396  ( 0.4211   )   -0.3177   
   5. eval indegree - activity                                          0.0674  ( 0.1035   )   -0.4657   
   6. eval myccovml ego                                                 0.0262  ( 0.1704   )    0.7047   
   7. eval i3. indegree - activity x myccovml ego x mybehml similarity -0.5228  ( 0.4029   )   -0.4150   

Behavior Dynamics
   8. rate rate mybehml (period 1)                                      1.8581  ( 0.2524   )   -1.3235   
   9. rate rate mybehml (period 2)                                      1.1985  ( 0.2982   )    0.0558   
  10. eval behavior mybehml linear shape                                0.2696  ( 0.2051   )    1.5135   
  11. eval behavior mybehml quadratic shape                            -0.0419  ( 0.1052   )   -0.9856   

Total of 335 iteration steps.

Covariance matrix of estimates (correlations below diagonal)

       0.322        0.071        0.033       -0.004       -0.009        0.008       -0.052       -0.054        0.067       -0.017       -0.033
       0.325        0.147       -0.019        0.021        0.003       -0.007       -0.023        0.020        0.009       -0.010       -0.008
       0.284       -0.251        0.041       -0.019       -0.007       -0.012        0.017        0.040       -0.062        0.012        0.021
      -0.018        0.133       -0.228        0.177       -0.028       -0.011       -0.066       -0.044        0.040       -0.006       -0.013
      -0.147        0.064       -0.324       -0.651        0.011        0.008        0.005       -0.006        0.011       -0.003       -0.004
       0.078       -0.114       -0.357       -0.149        0.427        0.029        0.011        0.021       -0.022        0.004        0.008
      -0.228       -0.147        0.206       -0.388        0.128        0.162        0.162        0.008        0.009       -0.002        0.000
      -0.380        0.202        0.775       -0.414       -0.236        0.499        0.083        0.064        0.074       -0.015       -0.022
       0.396        0.079       -1.031        0.318        0.360       -0.435        0.076        0.989        0.089       -0.019       -0.003
      -0.149       -0.125        0.288       -0.065       -0.129        0.105       -0.019       -0.284       -0.317        0.042        0.011
      -0.551       -0.202        0.973       -0.297       -0.389        0.422        0.004       -0.821       -0.105        0.530        0.011

Derivative matrix of expected statistics X by parameters:

       4.494        0.000        0.000        0.000        0.000        0.000        0.000        0.000        0.000        0.000        0.000
       0.000       13.827        0.000        0.000        0.000        0.000        0.000        0.000        0.000        0.000        0.000
       0.000        0.000       48.142       20.381       95.848       -0.217        1.069        0.000        0.000        0.000        0.000
       0.000        0.000       20.381       18.684       55.110       -0.460        2.445        0.000        0.000        0.000        0.000
       0.000        0.000       95.848       55.110      318.781      -12.072        5.250        0.000        0.000        0.000        0.000
       0.000        0.000       -0.217       -0.460      -12.072       41.561       -0.931        0.000        0.000        0.000        0.000
       0.000        0.000        1.069        2.445        5.250       -0.931        9.829        0.000        0.000        0.000        0.000
       0.000        0.000        0.000        0.000        0.000        0.000        0.000       12.761        0.000        0.000        0.000
       0.000        0.000        0.000        0.000        0.000        0.000        0.000        0.000       16.542        0.000        0.000
       0.000        0.000        0.000        0.000        0.000        0.000        0.000        0.000        0.000       34.894      -17.056
       0.000        0.000        0.000        0.000        0.000        0.000        0.000        0.000        0.000      -17.056      138.043

Covariance matrix of X (correlations below diagonal):

       1.982        0.698       -0.946        0.651        2.918       -2.117       -0.307        1.376       -1.221       -0.519        1.036
       0.197        6.320        0.394       -0.040       -0.499        0.653       -0.943       -0.227        0.845       -0.038       -4.995
      -0.189        0.044       12.631        0.950       12.227        5.831       -0.838       -4.776        0.805        1.478       -5.911
       0.290       -0.010        0.168        2.542        5.998       -2.925       -0.059        0.224       -1.290       -0.742        2.867
       0.285       -0.027        0.474        0.518       52.748       -5.926        3.332        3.054       -6.729       -4.006        8.739
      -0.386        0.067        0.421       -0.471       -0.209       15.175       -1.479       -3.815        2.965        2.288       -8.682
      -0.134       -0.230       -0.145       -0.023        0.282       -0.233        2.652        1.491       -0.372       -0.778        2.362
       0.348       -0.032       -0.479        0.050        0.150       -0.349        0.326        7.866       -2.092       -2.763        9.480
      -0.276        0.107        0.072       -0.258       -0.295        0.243       -0.073       -0.238        9.848       -0.946      -15.793
      -0.198       -0.008        0.223       -0.250       -0.296        0.315       -0.257       -0.529       -0.162        3.469        1.398
       0.091       -0.245       -0.205        0.222        0.149       -0.275        0.179        0.417       -0.621        0.093       65.636
Estimates, standard errors and convergence t-ratios

                                                     Estimate   Standard   Convergence 
                                                                  Error      t-ratio   
Network Dynamics 
   1. rate constant mynetml rate (period 1)           3.4810  ( 0.3866   )   -0.3108   
   2. rate constant mynetml rate (period 2)           1.5261  ( 0.2156   )   -0.1291   
   3. eval outdegree (density)                       -2.7394  ( 0.2484   )    1.2784   
   4. eval reciprocity                                3.1196  ( 0.3835   )   -1.4679   

Behavior Dynamics
   5. rate rate mybehml (period 1)                    1.6428  ( 0.3262   )   -0.5605   
   6. rate rate mybehml (period 2)                    0.9642  ( 0.2309   )   -0.6608   
   7. eval behavior mybehml linear shape              0.0047  ( 0.3009   )    0.4370   
   8. eval behavior mybehml quadratic shape          -0.0894  ( 0.1063   )   -0.6787   
   9. eval behavior mybehml indegree                  0.2452  ( 0.2023   )   -0.2191   
  10. eval behavior mybehml average alter            -0.1830  ( 0.7601   )   -1.7848   
  11. eval behavior mybehml indegree x average alter  0.1903  ( 0.4255   )   -2.3365   

Total of 335 iteration steps.

Covariance matrix of estimates (correlations below diagonal)

       0.149       -0.210        0.032       -0.009        0.108       -0.092        0.133        0.012       -0.093       -0.117        0.066
      -2.523        0.046       -0.033        0.025        0.026       -0.019        0.056        0.024       -0.037        0.072       -0.042
       0.338       -0.625        0.062       -0.067        0.017       -0.013        0.019       -0.002       -0.015       -0.043        0.023
      -0.060        0.303       -0.704        0.147       -0.020        0.008       -0.017        0.001        0.018       -0.003        0.001
       0.855        0.371        0.209       -0.161        0.106        0.001       -0.058       -0.016        0.036       -0.004        0.004
      -1.029       -0.378       -0.230        0.089        0.016        0.053        0.031        0.012       -0.022        0.025       -0.017
       1.144        0.867        0.254       -0.148       -0.588        0.441        0.091        0.000       -0.044       -0.108        0.053
       0.291        1.045       -0.081        0.024       -0.464        0.501       -0.015        0.011        0.004       -0.011        0.000
      -1.190       -0.843       -0.306        0.226        0.545       -0.479       -0.721        0.176        0.041        0.063       -0.036
      -0.399        0.442       -0.226       -0.009       -0.016        0.142       -0.473       -0.140        0.410        0.578       -0.294
       0.403       -0.458        0.222        0.006        0.029       -0.178        0.412       -0.008       -0.417       -0.910        0.181

Derivative matrix of expected statistics X by parameters:

       5.930        0.000        0.000        0.000        0.000        0.000        0.000        0.000        0.000        0.000        0.000
       0.000       13.354        0.000        0.000        0.000        0.000        0.000        0.000        0.000        0.000        0.000
       0.000        0.000       47.533       20.869        0.000        0.000        0.000        0.000        0.000        0.000        0.000
       0.000        0.000       20.869       18.368        0.000        0.000        0.000        0.000        0.000        0.000        0.000
       0.000        0.000        0.000        0.000       12.984        0.000        0.000        0.000        0.000        0.000        0.000
       0.000        0.000        0.000        0.000        0.000       22.760        0.000        0.000        0.000        0.000        0.000
       0.000        0.000        0.000        0.000        0.000        0.000       27.549      -10.566       30.825        3.710        5.711
       0.000        0.000        0.000        0.000        0.000        0.000      -10.566      103.132       -1.324       11.763       14.100
       0.000        0.000        0.000        0.000        0.000        0.000       30.825       -1.324       61.027        5.711       12.266
       0.000        0.000        0.000        0.000        0.000        0.000        3.710       11.763        5.711       15.641       22.186
       0.000        0.000        0.000        0.000        0.000        0.000        5.711       14.100       12.266       22.186       43.152

Covariance matrix of X (correlations below diagonal):

       4.288        1.893        2.559        0.298       -1.016        1.296       -0.610       -6.259        1.617       -1.007       -0.296
       0.312        8.609       -1.951       -1.152       -2.973        4.122       -1.308       -2.446        3.520       -0.254       -0.409
       0.446       -0.240        7.677        3.261        0.065       -1.271        0.318       -5.613        0.254       -2.364       -0.155
       0.075       -0.206        0.616        3.646       -0.265       -1.085        0.909       -0.602        1.852       -0.877        0.562
      -0.207       -0.427        0.010       -0.059        5.626       -3.212       -0.655        1.020       -1.446        0.150       -0.321
       0.213        0.477       -0.156       -0.193       -0.460        8.664       -2.059       -0.575       -0.371       -1.046       -1.812
      -0.166       -0.252        0.065        0.269       -0.156       -0.395        3.138       -0.193        1.528        0.738        1.880
      -0.692       -0.191       -0.464       -0.072        0.098       -0.045       -0.025       19.075       -1.728        3.246       -0.636
       0.225        0.346        0.026        0.280       -0.176       -0.036        0.249       -0.114       12.037        1.355        4.165
      -0.249       -0.044       -0.437       -0.235        0.032       -0.182        0.213        0.381        0.200        3.813        3.451
      -0.056       -0.055       -0.022        0.115       -0.053       -0.241        0.416       -0.057        0.471        0.693        6.504
Estimates, standard errors and convergence t-ratios

                                                                                                                        Estimate   Standard   Convergence 
                                                                                                                                     Error      t-ratio   
Network Dynamics 
   1. rate  constant mynetml rate (period 1)                                                                             3.7473  ( 31.6070  )   -0.5609   
   2. rate  constant mynetml rate (period 2)                                                                             1.5261  (  0.2089  )   -0.1320   
   3. eval  outdegree (density)                                                                                         -2.6326  (  0.2458  )    0.2348   
   4. eval  reciprocity                                                                                                  3.0084  (  0.3627  )   -1.4571   

Behavior Dynamics
   5. rate  rate mybehml (period 1)                                                                                      1.7062  (  0.2246  )   -0.8527   
   6. rate  rate mybehml (period 2)                                                                                      1.0706  (  0.0989  )   -0.4492   
   7. eval  behavior mybehml linear shape                                                                                0.3701  (  0.3031  )   -0.1016   
   8. eval  behavior mybehml quadratic shape                                                                            -0.0571  (  0.1122  )   -1.2079   
   9. endow dec. beh. mybehml outdegree                                                                                  0.0603  ( 31.6070  )   -0.1615   
  10. endow dec. beh. mybehml average alter                                                                             -0.5222  (  0.4697  )    0.0317   
  11. endow dec. beh. mybehml: effect from myccovml                                                                     -0.1184  (  0.1731  )    1.4030   
  12. endow i3. dec. beh. mybehml average alter x dec. beh. mybehml outdegree x dec. beh. mybehml: effect from myccovml  0.5436  (  0.2908  )    2.5353   

Total of 340 iteration steps.

Covariance matrix of estimates (correlations below diagonal)

     999.000        8.113        7.412       10.002     3267.000        5.714     3267.000        8.113     1886.203       10.002     3267.000        5.714
       1.044        0.044       -0.005        0.009       -0.002        0.013       -0.016       -0.005        6.895       -0.013       -0.053        0.040
       1.044       -0.092        0.060       -0.067        0.037       -0.017        0.029        0.013        8.113       -0.079       -0.036        0.022
       1.044        0.121       -0.753        0.132       -0.048        0.025       -0.047       -0.018       11.969        0.122        0.052       -0.034
       1.044       -0.048        0.676       -0.589        0.050        0.061       -0.042       -0.016        7.412        0.155        0.089       -0.086
       1.044        0.643       -0.684        0.695        2.734        0.010        0.032        0.013        3.263       -0.088       -0.055        0.029
       1.044       -0.258        0.393       -0.432       -0.620        1.054        0.092        0.010       10.002       -0.065        0.006        0.003
       1.044       -0.234        0.458       -0.439       -0.616        1.167        0.286        0.013        3.703       -0.008        0.014       -0.006
       0.060        1.812        0.420        0.323        2.184        3.071        0.720        3.374      999.000        3.703       15.500        9.595
       1.044       -0.127       -0.683        0.715        1.465       -1.904       -0.456       -0.156        1.044        0.221       -0.136        0.002
       1.044       -1.466       -0.839        0.823        2.292       -3.220        0.115        0.729        1.044       -1.670        0.030        0.042
       1.044        0.663        0.314       -0.324       -1.314        1.013        0.034       -0.171        1.044        0.013        0.834        0.085

Derivative matrix of expected statistics X by parameters:

       5.683        0.000        0.000        0.000        0.000        0.000        0.000        0.000        0.000        0.000        0.000        0.000
       0.000       13.336        0.000        0.000        0.000        0.000        0.000        0.000        0.000        0.000        0.000        0.000
       0.000        0.000       51.545       22.027        0.000        0.000        0.000        0.000        0.000        0.000        0.000        0.000
       0.000        0.000       22.027       20.038        0.000        0.000        0.000        0.000        0.000        0.000        0.000        0.000
       0.000        0.000        0.000        0.000       12.971        0.000        0.000        0.000        0.000        0.000        0.000        0.000
       0.000        0.000        0.000        0.000        0.000       19.857        0.000        0.000        0.000        0.000        0.000        0.000
       0.000        0.000        0.000        0.000        0.000        0.000       28.667       -4.885       21.100        5.090        0.716       -0.408
       0.000        0.000        0.000        0.000        0.000        0.000       -4.885       97.461        2.320        3.274       -3.704       -0.798
       0.000        0.000        0.000        0.000        0.000        0.000       21.100        2.320       39.465        5.376        0.253       -1.589
       0.000        0.000        0.000        0.000        0.000        0.000        5.090        3.274        5.376        6.545        0.233        2.277
       0.000        0.000        0.000        0.000        0.000        0.000        0.716       -3.704        0.253        0.233        9.418        5.923
       0.000        0.000        0.000        0.000        0.000        0.000       -0.408       -0.798       -1.589        2.277        5.923       13.861

Covariance matrix of X (correlations below diagonal):

       5.334       -3.188        1.153       -0.282       -1.080        2.923       -0.487       -1.619        1.291        0.182       -0.735        0.684
      -0.517        7.140        1.967        0.365       -0.621       -3.026       -1.365        4.597       -7.284       -0.015        0.903       -1.977
       0.148        0.218       11.445        2.354        2.142       -0.355       -2.658        3.989       -4.345       -0.591        0.211       -0.434
      -0.079        0.088        0.451        2.385        0.578       -0.406       -0.345        0.909        1.469        0.457       -0.236        0.367
      -0.187       -0.093        0.253        0.150        6.247       -2.099        1.669        3.669        3.352       -0.233       -1.725       -1.311
       0.452       -0.404       -0.037       -0.094       -0.300        7.854       -2.259       -7.456       -0.533        0.739        0.274        0.540
      -0.073       -0.177       -0.272       -0.077        0.231       -0.279        8.348        5.897       11.780        0.049       -3.346       -1.575
      -0.148        0.362        0.248        0.124        0.309       -0.560        0.429       22.584        0.856       -1.359       -2.390       -3.647
       0.102       -0.496       -0.234        0.173        0.244       -0.035        0.741        0.033       30.234        2.575       -5.087        0.754
       0.052       -0.004       -0.114        0.194       -0.061        0.173        0.011       -0.187        0.307        2.332       -0.313       -0.358
      -0.172        0.183        0.034       -0.083       -0.374        0.053       -0.627       -0.272       -0.501       -0.111        3.410        2.181
       0.129       -0.323       -0.056        0.103       -0.229        0.084       -0.238       -0.335        0.060       -0.102        0.515        5.261
